Archive member included to satisfy reference by file (symbol)

/opt/st/stm32cubeide_1.13.2/plugins/com.st.stm32cube.ide.mcu.externaltools.gnu-tools-for-stm32.11.3.rel1.linux64_1.1.1.202309131626/tools/bin/../lib/gcc/arm-none-eabi/11.3.1/../../../../arm-none-eabi/lib/thumb/v7-m/nofp/libc_nano.a(libc_a-exit.o)
                              /opt/st/stm32cubeide_1.13.2/plugins/com.st.stm32cube.ide.mcu.externaltools.gnu-tools-for-stm32.11.3.rel1.linux64_1.1.1.202309131626/tools/bin/../lib/gcc/arm-none-eabi/11.3.1/../../../../arm-none-eabi/lib/thumb/v7-m/nofp/crt0.o (exit)
/opt/st/stm32cubeide_1.13.2/plugins/com.st.stm32cube.ide.mcu.externaltools.gnu-tools-for-stm32.11.3.rel1.linux64_1.1.1.202309131626/tools/bin/../lib/gcc/arm-none-eabi/11.3.1/../../../../arm-none-eabi/lib/thumb/v7-m/nofp/libc_nano.a(libc_a-findfp.o)
                              ./Middlewares/Third_Party/FreeRTOS/Source/tasks.o (__sf)
/opt/st/stm32cubeide_1.13.2/plugins/com.st.stm32cube.ide.mcu.externaltools.gnu-tools-for-stm32.11.3.rel1.linux64_1.1.1.202309131626/tools/bin/../lib/gcc/arm-none-eabi/11.3.1/../../../../arm-none-eabi/lib/thumb/v7-m/nofp/libc_nano.a(libc_a-fwalk.o)
                              /opt/st/stm32cubeide_1.13.2/plugins/com.st.stm32cube.ide.mcu.externaltools.gnu-tools-for-stm32.11.3.rel1.linux64_1.1.1.202309131626/tools/bin/../lib/gcc/arm-none-eabi/11.3.1/../../../../arm-none-eabi/lib/thumb/v7-m/nofp/libc_nano.a(libc_a-findfp.o) (_fwalk_sglue)
/opt/st/stm32cubeide_1.13.2/plugins/com.st.stm32cube.ide.mcu.externaltools.gnu-tools-for-stm32.11.3.rel1.linux64_1.1.1.202309131626/tools/bin/../lib/gcc/arm-none-eabi/11.3.1/../../../../arm-none-eabi/lib/thumb/v7-m/nofp/libc_nano.a(libc_a-stdio.o)
                              /opt/st/stm32cubeide_1.13.2/plugins/com.st.stm32cube.ide.mcu.externaltools.gnu-tools-for-stm32.11.3.rel1.linux64_1.1.1.202309131626/tools/bin/../lib/gcc/arm-none-eabi/11.3.1/../../../../arm-none-eabi/lib/thumb/v7-m/nofp/libc_nano.a(libc_a-findfp.o) (__sread)
/opt/st/stm32cubeide_1.13.2/plugins/com.st.stm32cube.ide.mcu.externaltools.gnu-tools-for-stm32.11.3.rel1.linux64_1.1.1.202309131626/tools/bin/../lib/gcc/arm-none-eabi/11.3.1/../../../../arm-none-eabi/lib/thumb/v7-m/nofp/libc_nano.a(libc_a-memset.o)
                              /opt/st/stm32cubeide_1.13.2/plugins/com.st.stm32cube.ide.mcu.externaltools.gnu-tools-for-stm32.11.3.rel1.linux64_1.1.1.202309131626/tools/bin/../lib/gcc/arm-none-eabi/11.3.1/../../../../arm-none-eabi/lib/thumb/v7-m/nofp/crt0.o (memset)
/opt/st/stm32cubeide_1.13.2/plugins/com.st.stm32cube.ide.mcu.externaltools.gnu-tools-for-stm32.11.3.rel1.linux64_1.1.1.202309131626/tools/bin/../lib/gcc/arm-none-eabi/11.3.1/../../../../arm-none-eabi/lib/thumb/v7-m/nofp/libc_nano.a(libc_a-closer.o)
                              /opt/st/stm32cubeide_1.13.2/plugins/com.st.stm32cube.ide.mcu.externaltools.gnu-tools-for-stm32.11.3.rel1.linux64_1.1.1.202309131626/tools/bin/../lib/gcc/arm-none-eabi/11.3.1/../../../../arm-none-eabi/lib/thumb/v7-m/nofp/libc_nano.a(libc_a-stdio.o) (_close_r)
/opt/st/stm32cubeide_1.13.2/plugins/com.st.stm32cube.ide.mcu.externaltools.gnu-tools-for-stm32.11.3.rel1.linux64_1.1.1.202309131626/tools/bin/../lib/gcc/arm-none-eabi/11.3.1/../../../../arm-none-eabi/lib/thumb/v7-m/nofp/libc_nano.a(libc_a-reent.o)
                              ./Middlewares/Third_Party/FreeRTOS/Source/tasks.o (_reclaim_reent)
/opt/st/stm32cubeide_1.13.2/plugins/com.st.stm32cube.ide.mcu.externaltools.gnu-tools-for-stm32.11.3.rel1.linux64_1.1.1.202309131626/tools/bin/../lib/gcc/arm-none-eabi/11.3.1/../../../../arm-none-eabi/lib/thumb/v7-m/nofp/libc_nano.a(libc_a-impure.o)
                              ./Middlewares/Third_Party/FreeRTOS/Source/tasks.o (_impure_ptr)
/opt/st/stm32cubeide_1.13.2/plugins/com.st.stm32cube.ide.mcu.externaltools.gnu-tools-for-stm32.11.3.rel1.linux64_1.1.1.202309131626/tools/bin/../lib/gcc/arm-none-eabi/11.3.1/../../../../arm-none-eabi/lib/thumb/v7-m/nofp/libc_nano.a(libc_a-lseekr.o)
                              /opt/st/stm32cubeide_1.13.2/plugins/com.st.stm32cube.ide.mcu.externaltools.gnu-tools-for-stm32.11.3.rel1.linux64_1.1.1.202309131626/tools/bin/../lib/gcc/arm-none-eabi/11.3.1/../../../../arm-none-eabi/lib/thumb/v7-m/nofp/libc_nano.a(libc_a-stdio.o) (_lseek_r)
/opt/st/stm32cubeide_1.13.2/plugins/com.st.stm32cube.ide.mcu.externaltools.gnu-tools-for-stm32.11.3.rel1.linux64_1.1.1.202309131626/tools/bin/../lib/gcc/arm-none-eabi/11.3.1/../../../../arm-none-eabi/lib/thumb/v7-m/nofp/libc_nano.a(libc_a-readr.o)
                              /opt/st/stm32cubeide_1.13.2/plugins/com.st.stm32cube.ide.mcu.externaltools.gnu-tools-for-stm32.11.3.rel1.linux64_1.1.1.202309131626/tools/bin/../lib/gcc/arm-none-eabi/11.3.1/../../../../arm-none-eabi/lib/thumb/v7-m/nofp/libc_nano.a(libc_a-stdio.o) (_read_r)
[...]
Memory Configuration

Name             Origin             Length             Attributes
RAM              0x0000000020000000 0x0000000000005000 xrw
FLASH            0x0000000008000000 0x0000000000010000 xr
*default*        0x0000000000000000 0xffffffffffffffff

Linker script and memory map

LOAD /opt/st/stm32cubeide_1.13.2/plugins/com.st.stm32cube.ide.mcu.externaltools.gnu-tools-for-stm32.11.3.rel1.linux64_1.1.1.202309131626/tools/bin/../lib/gcc/arm-none-eabi/11.3.1/thumb/v7-m/nofp/crti.o
LOAD /opt/st/stm32cubeide_1.13.2/plugins/com.st.stm32cube.ide.mcu.externaltools.gnu-tools-for-stm32.11.3.rel1.linux64_1.1.1.202309131626/tools/bin/../lib/gcc/arm-none-eabi/11.3.1/thumb/v7-m/nofp/crtbegin.o
LOAD /opt/st/stm32cubeide_1.13.2/plugins/com.st.stm32cube.ide.mcu.externaltools.gnu-tools-for-stm32.11.3.rel1.linux64_1.1.1.202309131626/tools/bin/../lib/gcc/arm-none-eabi/11.3.1/../../../../arm-none-eabi/lib/thumb/v7-m/nofp/crt0.o
LOAD ./Core/Src/can.o
LOAD ./Core/Src/freertos.o
LOAD ./Core/Src/gpio.o
LOAD ./Core/Src/main.o
LOAD ./Core/Src/stm32f1xx_hal_msp.o
LOAD ./Core/Src/stm32f1xx_hal_timebase_tim.o
LOAD ./Core/Src/stm32f1xx_it.o
LOAD ./Core/Src/syscalls.o
LOAD ./Core/Src/sysmem.o
LOAD ./Core/Src/system_stm32f1xx.o
LOAD ./Core/Src/tim.o
LOAD ./Core/Src/usart.o
LOAD ./Core/Startup/startup_stm32f103c8tx.o
LOAD ./Drivers/STM32F1xx_HAL_Driver/Src/stm32f1xx_hal.o
LOAD ./Drivers/STM32F1xx_HAL_Driver/Src/stm32f1xx_hal_can.o
LOAD ./Drivers/STM32F1xx_HAL_Driver/Src/stm32f1xx_hal_cortex.o
LOAD ./Drivers/STM32F1xx_HAL_Driver/Src/stm32f1xx_hal_dma.o
LOAD ./Drivers/STM32F1xx_HAL_Driver/Src/stm32f1xx_hal_exti.o
LOAD ./Drivers/STM32F1xx_HAL_Driver/Src/stm32f1xx_hal_flash.o
LOAD ./Drivers/STM32F1xx_HAL_Driver/Src/stm32f1xx_hal_flash_ex.o
LOAD ./Drivers/STM32F1xx_HAL_Driver/Src/stm32f1xx_hal_gpio.o
LOAD ./Drivers/STM32F1xx_HAL_Driver/Src/stm32f1xx_hal_gpio_ex.o
LOAD ./Drivers/STM32F1xx_HAL_Driver/Src/stm32f1xx_hal_pwr.o
LOAD ./Drivers/STM32F1xx_HAL_Driver/Src/stm32f1xx_hal_rcc.o
LOAD ./Drivers/STM32F1xx_HAL_Driver/Src/stm32f1xx_hal_rcc_ex.o
LOAD ./Drivers/STM32F1xx_HAL_Driver/Src/stm32f1xx_hal_tim.o
LOAD ./Drivers/STM32F1xx_HAL_Driver/Src/stm32f1xx_hal_tim_ex.o
LOAD ./Drivers/STM32F1xx_HAL_Driver/Src/stm32f1xx_hal_uart.o
LOAD ./Middlewares/Third_Party/FreeRTOS/Source/CMSIS_RTOS/cmsis_os.o
LOAD ./Middlewares/Third_Party/FreeRTOS/Source/croutine.o
LOAD ./Middlewares/Third_Party/FreeRTOS/Source/event_groups.o
LOAD ./Middlewares/Third_Party/FreeRTOS/Source/list.o
LOAD ./Middlewares/Third_Party/FreeRTOS/Source/queue.o
LOAD ./Middlewares/Third_Party/FreeRTOS/Source/stream_buffer.o
LOAD ./Middlewares/Third_Party/FreeRTOS/Source/tasks.o
LOAD ./Middlewares/Third_Party/FreeRTOS/Source/timers.o
LOAD ./Middlewares/Third_Party/FreeRTOS/Source/portable/GCC/ARM_CM3/port.o
LOAD ./Middlewares/Third_Party/FreeRTOS/Source/portable/MemMang/heap_4.o
START GROUP
LOAD /opt/st/stm32cubeide_1.13.2/plugins/com.st.stm32cube.ide.mcu.externaltools.gnu-tools-for-stm32.11.3.rel1.linux64_1.1.1.202309131626/tools/bin/../lib/gcc/arm-none-eabi/11.3.1/../../../../arm-none-eabi/lib/thumb/v7-m/nofp/libc_nano.a
LOAD /opt/st/stm32cubeide_1.13.2/plugins/com.st.stm32cube.ide.mcu.externaltools.gnu-tools-for-stm32.11.3.rel1.linux64_1.1.1.202309131626/tools/bin/../lib/gcc/arm-none-eabi/11.3.1/../../../../arm-none-eabi/lib/thumb/v7-m/nofp/libm.a
END GROUP
START GROUP
LOAD /opt/st/stm32cubeide_1.13.2/plugins/com.st.stm32cube.ide.mcu.externaltools.gnu-tools-for-stm32.11.3.rel1.linux64_1.1.1.202309131626/tools/bin/../lib/gcc/arm-none-eabi/11.3.1/thumb/v7-m/nofp/libgcc.a
LOAD /opt/st/stm32cubeide_1.13.2/plugins/com.st.stm32cube.ide.mcu.externaltools.gnu-tools-for-stm32.11.3.rel1.linux64_1.1.1.202309131626/tools/bin/../lib/gcc/arm-none-eabi/11.3.1/../../../../arm-none-eabi/lib/thumb/v7-m/nofp/libc_nano.a
END GROUP
START GROUP
LOAD /opt/st/stm32cubeide_1.13.2/plugins/com.st.stm32cube.ide.mcu.externaltools.gnu-tools-for-stm32.11.3.rel1.linux64_1.1.1.202309131626/tools/bin/../lib/gcc/arm-none-eabi/11.3.1/thumb/v7-m/nofp/libgcc.a
LOAD /opt/st/stm32cubeide_1.13.2/plugins/com.st.stm32cube.ide.mcu.externaltools.gnu-tools-for-stm32.11.3.rel1.linux64_1.1.1.202309131626/tools/bin/../lib/gcc/arm-none-eabi/11.3.1/../../../../arm-none-eabi/lib/thumb/v7-m/nofp/libc_nano.a
LOAD /opt/st/stm32cubeide_1.13.2/plugins/com.st.stm32cube.ide.mcu.externaltools.gnu-tools-for-stm32.11.3.rel1.linux64_1.1.1.202309131626/tools/bin/../lib/gcc/arm-none-eabi/11.3.1/../../../../arm-none-eabi/lib/thumb/v7-m/nofp/libnosys.a
END GROUP
START GROUP
LOAD /opt/st/stm32cubeide_1.13.2/plugins/com.st.stm32cube.ide.mcu.externaltools.gnu-tools-for-stm32.11.3.rel1.linux64_1.1.1.202309131626/tools/bin/../lib/gcc/arm-none-eabi/11.3.1/thumb/v7-m/nofp/libgcc.a
LOAD /opt/st/stm32cubeide_1.13.2/plugins/com.st.stm32cube.ide.mcu.externaltools.gnu-tools-for-stm32.11.3.rel1.linux64_1.1.1.202309131626/tools/bin/../lib/gcc/arm-none-eabi/11.3.1/../../../../arm-none-eabi/lib/thumb/v7-m/nofp/libc_nano.a
LOAD /opt/st/stm32cubeide_1.13.2/plugins/com.st.stm32cube.ide.mcu.externaltools.gnu-tools-for-stm32.11.3.rel1.linux64_1.1.1.202309131626/tools/bin/../lib/gcc/arm-none-eabi/11.3.1/../../../../arm-none-eabi/lib/thumb/v7-m/nofp/libnosys.a
END GROUP
LOAD /opt/st/stm32cubeide_1.13.2/plugins/com.st.stm32cube.ide.mcu.externaltools.gnu-tools-for-stm32.11.3.rel1.linux64_1.1.1.202309131626/tools/bin/../lib/gcc/arm-none-eabi/11.3.1/thumb/v7-m/nofp/crtend.o
LOAD /opt/st/stm32cubeide_1.13.2/plugins/com.st.stm32cube.ide.mcu.externaltools.gnu-tools-for-stm32.11.3.rel1.linux64_1.1.1.202309131626/tools/bin/../lib/gcc/arm-none-eabi/11.3.1/thumb/v7-m/nofp/crtn.o
                0x0000000020005000                _estack = (ORIGIN (RAM) + LENGTH (RAM))
                0x0000000000000200                _Min_Heap_Size = 0x200
                0x0000000000000400                _Min_Stack_Size = 0x400

.isr_vector     0x0000000008000000      0x10c
                0x0000000008000000                . = ALIGN (0x4)
 *(.isr_vector)
 .isr_vector    0x0000000008000000      0x10c ./Core/Startup/startup_stm32f103c8tx.o
                0x0000000008000000                g_pfnVectors
                0x000000000800010c                . = ALIGN (0x4)

.text           0x0000000008000110     0x6a38
                0x0000000008000110                . = ALIGN (0x4)
 *(.text)
 .text          0x0000000008000110       0x40 /opt/st/stm32cubeide_1.13.2/plugins/com.st.stm32cube.ide.mcu.externaltools.gnu-tools-for-stm32.11.3.rel1.linux64_1.1.1.202309131626/tools/bin/../lib/gcc/arm-none-eabi/11.3.1/thumb/v7-m/nofp/crtbegin.o
 .text          0x0000000008000150      0x378 /opt/st/stm32cubeide_1.13.2/plugins/com.st.stm32cube.ide.mcu.externaltools.gnu-tools-for-stm32.11.3.rel1.linux64_1.1.1.202309131626/tools/bin/../lib/gcc/arm-none-eabi/11.3.1/thumb/v7-m/nofp/libgcc.a(_arm_addsubdf3.o)
                0x0000000008000150                __aeabi_drsub
                0x0000000008000158                __aeabi_dsub
                0x0000000008000158                __subdf3
                0x000000000800015c                __adddf3
                0x000000000800015c                __aeabi_dadd
                0x00000000080003d4                __aeabi_ui2d
                0x00000000080003d4                __floatunsidf
                0x00000000080003f4                __floatsidf
                0x00000000080003f4                __aeabi_i2d
                0x0000000008000418                __extendsfdf2
                0x0000000008000418                __aeabi_f2d
                0x000000000800045c                __aeabi_ul2d
                0x000000000800045c                __floatundidf
                0x000000000800046c                __floatdidf
                0x000000000800046c                __aeabi_l2d
 .text          0x00000000080004c8      0x424 /opt/st/stm32cubeide_1.13.2/plugins/com.st.stm32cube.ide.mcu.externaltools.gnu-tools-for-stm32.11.3.rel1.linux64_1.1.1.202309131626/tools/bin/../lib/gcc/arm-none-eabi/11.3.1/thumb/v7-m/nofp/libgcc.a(_arm_muldivdf3.o)
                0x00000000080004c8                __aeabi_dmul
                0x00000000080004c8                __muldf3
                0x000000000800071c                __aeabi_ddiv
                0x000000000800071c                __divdf3
 .text          0x00000000080008ec       0x50 /opt/st/stm32cubeide_1.13.2/plugins/com.st.stm32cube.ide.mcu.externaltools.gnu-tools-for-stm32.11.3.rel1.linux64_1.1.1.202309131626/tools/bin/../lib/gcc/arm-none-eabi/11.3.1/thumb/v7-m/nofp/libgcc.a(_arm_fixdfsi.o)
                0x00000000080008ec                __fixdfsi
                0x00000000080008ec                __aeabi_d2iz
 .text          0x000000000800093c       0x40 /opt/st/stm32cubeide_1.13.2/plugins/com.st.stm32cube.ide.mcu.externaltools.gnu-tools-for-stm32.11.3.rel1.linux64_1.1.1.202309131626/tools/bin/../lib/gcc/arm-none-eabi/11.3.1/thumb/v7-m/nofp/libgcc.a(_arm_fixunsdfsi.o)
                0x000000000800093c                __fixunsdfsi
                0x000000000800093c                __aeabi_d2uiz
 .text          0x000000000800097c      0x21c /opt/st/stm32cubeide_1.13.2/plugins/com.st.stm32cube.ide.mcu.externaltools.gnu-tools-for-stm32.11.3.rel1.linux64_1.1.1.202309131626/tools/bin/../lib/gcc/arm-none-eabi/11.3.1/thumb/v7-m/nofp/libgcc.a(_arm_addsubsf3.o)
                0x000000000800097c                __aeabi_frsub
                0x0000000008000984                __subsf3
                0x0000000008000984                __aeabi_fsub
                0x0000000008000988                __aeabi_fadd
                0x0000000008000988                __addsf3
                0x0000000008000ae8                __aeabi_ui2f
                0x0000000008000ae8                __floatunsisf
                0x0000000008000af0                __aeabi_i2f
                0x0000000008000af0                __floatsisf
                0x0000000008000b0c                __floatundisf
                0x0000000008000b0c                __aeabi_ul2f
                0x0000000008000b1c                __floatdisf
                0x0000000008000b1c                __aeabi_l2f
 .text          0x0000000008000b98      0x2a0 /opt/st/stm32cubeide_1.13.2/plugins/com.st.stm32cube.ide.mcu.externaltools.gnu-tools-for-stm32.11.3.rel1.linux64_1.1.1.202309131626/tools/bin/../lib/gcc/arm-none-eabi/11.3.1/thumb/v7-m/nofp/libgcc.a(_arm_muldivsf3.o)
                0x0000000008000b98                __mulsf3
                0x0000000008000b98                __aeabi_fmul
                0x0000000008000d00                __divsf3
                0x0000000008000d00                __aeabi_fdiv
 .text          0x0000000008000e38       0xec /opt/st/stm32cubeide_1.13.2/plugins/com.st.stm32cube.ide.mcu.externaltools.gnu-tools-for-stm32.11.3.rel1.linux64_1.1.1.202309131626/tools/bin/../lib/gcc/arm-none-eabi/11.3.1/thumb/v7-m/nofp/libgcc.a(_arm_cmpsf2.o)
                0x0000000008000e38                __gtsf2
                0x0000000008000e38                __gesf2
                0x0000000008000e40                __lesf2
                0x0000000008000e40                __ltsf2
                0x0000000008000e48                __nesf2
                0x0000000008000e48                __eqsf2
                0x0000000008000e48                __cmpsf2
                0x0000000008000ea8                __aeabi_cfrcmple
                0x0000000008000eb0                __aeabi_cfcmple
                0x0000000008000eb0                __aeabi_cfcmpeq
                0x0000000008000ec0                __aeabi_fcmpeq
                0x0000000008000ed4                __aeabi_fcmplt
                0x0000000008000ee8                __aeabi_fcmple
                0x0000000008000efc                __aeabi_fcmpge
                0x0000000008000f10                __aeabi_fcmpgt
 .text          0x0000000008000f24       0x4c /opt/st/stm32cubeide_1.13.2/plugins/com.st.stm32cube.ide.mcu.externaltools.gnu-tools-for-stm32.11.3.rel1.linux64_1.1.1.202309131626/tools/bin/../lib/gcc/arm-none-eabi/11.3.1/thumb/v7-m/nofp/libgcc.a(_arm_fixsfsi.o)
                0x0000000008000f24                __fixsfsi
                0x0000000008000f24                __aeabi_f2iz
 *(.text*)
 .text.MX_CAN_Init
                0x0000000008000f70       0xa4 ./Core/Src/can.o
                0x0000000008000f70                MX_CAN_Init
 .text.HAL_CAN_MspInit
                0x0000000008001014       0xd8 ./Core/Src/can.o
                0x0000000008001014                HAL_CAN_MspInit
 .text.vApplicationGetIdleTaskMemory
                0x00000000080010ec       0x30 ./Core/Src/freertos.o
                0x00000000080010ec                vApplicationGetIdleTaskMemory
 .text.MX_FREERTOS_Init
                0x000000000800111c       0x38 ./Core/Src/freertos.o
                0x000000000800111c                MX_FREERTOS_Init
 .text.StartDefaultTask
                0x0000000008001154       0x10 ./Core/Src/freertos.o
                0x0000000008001154                StartDefaultTask
 .text.MX_GPIO_Init
                0x0000000008001164      0x160 ./Core/Src/gpio.o
                0x0000000008001164                MX_GPIO_Init
 .text.int32ToAsciiArray
                0x00000000080012c4       0xec ./Core/Src/main.o
                0x00000000080012c4                int32ToAsciiArray
 .text.main     0x00000000080013b0       0xcc ./Core/Src/main.o
                0x00000000080013b0                main
 .text.SystemClock_Config
                0x000000000800147c       0x8a ./Core/Src/main.o
                0x000000000800147c                SystemClock_Config
 *fill*         0x0000000008001506        0x2 
 .text.ControlMainFunction_Task
                0x0000000008001508      0x1f0 ./Core/Src/main.o
                0x0000000008001508                ControlMainFunction_Task
 .text.ShutDowenSequenceFunctio_Task
                0x00000000080016f8      0x168 ./Core/Src/main.o
                0x00000000080016f8                ShutDowenSequenceFunctio_Task
 .text.SpeedControl_Task
                0x0000000008001860       0xb0 ./Core/Src/main.o
                0x0000000008001860                SpeedControl_Task
 .text.DashboardDisplay_Task
                0x0000000008001910      0x338 ./Core/Src/main.o
                0x0000000008001910                DashboardDisplay_Task
 .text.HAL_CAN_RxFifo0MsgPendingCallback
                0x0000000008001c48      0x484 ./Core/Src/main.o
                0x0000000008001c48                HAL_CAN_RxFifo0MsgPendingCallback
 .text.HAL_TIM_PeriodElapsedCallback
                0x00000000080020cc       0xa0 ./Core/Src/main.o
                0x00000000080020cc                HAL_TIM_PeriodElapsedCallback
 .text.Error_Handler
                0x000000000800216c        0xa ./Core/Src/main.o
                0x000000000800216c                Error_Handler
 *fill*         0x0000000008002176        0x2 
 .text.HAL_MspInit
                0x0000000008002178       0x70 ./Core/Src/stm32f1xx_hal_msp.o
                0x0000000008002178                HAL_MspInit
 .text.HAL_InitTick
                0x00000000080021e8       0xf8 ./Core/Src/stm32f1xx_hal_timebase_tim.o
                0x00000000080021e8                HAL_InitTick
 .text.NMI_Handler
                0x00000000080022e0        0x6 ./Core/Src/stm32f1xx_it.o
                0x00000000080022e0                NMI_Handler
 .text.HardFault_Handler
                0x00000000080022e6        0x6 ./Core/Src/stm32f1xx_it.o
                0x00000000080022e6                HardFault_Handler
 .text.MemManage_Handler
                0x00000000080022ec        0x6 ./Core/Src/stm32f1xx_it.o
                0x00000000080022ec                MemManage_Handler
 .text.BusFault_Handler
                0x00000000080022f2        0x6 ./Core/Src/stm32f1xx_it.o
                0x00000000080022f2                BusFault_Handler
 .text.UsageFault_Handler
                0x00000000080022f8        0x6 ./Core/Src/stm32f1xx_it.o
                0x00000000080022f8                UsageFault_Handler
 .text.DebugMon_Handler
                0x00000000080022fe        0xc ./Core/Src/stm32f1xx_it.o
                0x00000000080022fe                DebugMon_Handler
 *fill*         0x000000000800230a        0x2 
 .text.USB_HP_CAN1_TX_IRQHandler
                0x000000000800230c       0x14 ./Core/Src/stm32f1xx_it.o
                0x000000000800230c                USB_HP_CAN1_TX_IRQHandler
 .text.USB_LP_CAN1_RX0_IRQHandler
                0x0000000008002320       0x14 ./Core/Src/stm32f1xx_it.o
                0x0000000008002320                USB_LP_CAN1_RX0_IRQHandler
 .text.CAN1_RX1_IRQHandler
                0x0000000008002334       0x14 ./Core/Src/stm32f1xx_it.o
                0x0000000008002334                CAN1_RX1_IRQHandler
 .text.CAN1_SCE_IRQHandler
                0x0000000008002348       0x14 ./Core/Src/stm32f1xx_it.o
                0x0000000008002348                CAN1_SCE_IRQHandler
 .text.TIM2_IRQHandler
                0x000000000800235c       0x14 ./Core/Src/stm32f1xx_it.o
                0x000000000800235c                TIM2_IRQHandler
 .text.TIM3_IRQHandler
                0x0000000008002370       0x14 ./Core/Src/stm32f1xx_it.o
                0x0000000008002370                TIM3_IRQHandler
 .text.TIM4_IRQHandler
                0x0000000008002384       0x14 ./Core/Src/stm32f1xx_it.o
                0x0000000008002384                TIM4_IRQHandler
 .text.SystemInit
                0x0000000008002398        0xc ./Core/Src/system_stm32f1xx.o
                0x0000000008002398                SystemInit
 .text.MX_TIM1_Init
                0x00000000080023a4      0x140 ./Core/Src/tim.o
                0x00000000080023a4                MX_TIM1_Init
 .text.MX_TIM3_Init
                0x00000000080024e4       0x9c ./Core/Src/tim.o
                0x00000000080024e4                MX_TIM3_Init
 .text.MX_TIM4_Init
                0x0000000008002580       0x9c ./Core/Src/tim.o
                0x0000000008002580                MX_TIM4_Init
 .text.HAL_TIM_Base_MspInit
                0x000000000800261c       0xac ./Core/Src/tim.o
                0x000000000800261c                HAL_TIM_Base_MspInit
 .text.HAL_TIM_MspPostInit
                0x00000000080026c8       0x68 ./Core/Src/tim.o
                0x00000000080026c8                HAL_TIM_MspPostInit
 .text.MX_USART1_UART_Init
                0x0000000008002730       0x54 ./Core/Src/usart.o
                0x0000000008002730                MX_USART1_UART_Init
 .text.HAL_UART_MspInit
                0x0000000008002784       0x98 ./Core/Src/usart.o
                0x0000000008002784                HAL_UART_MspInit
 .text.Reset_Handler
                0x000000000800281c       0x48 ./Core/Startup/startup_stm32f103c8tx.o
                0x000000000800281c                Reset_Handler
 .text.Default_Handler
                0x0000000008002864        0x2 ./Core/Startup/startup_stm32f103c8tx.o
                0x0000000008002864                RTC_Alarm_IRQHandler
                0x0000000008002864                EXTI2_IRQHandler
                0x0000000008002864                TIM1_CC_IRQHandler
                0x0000000008002864                PVD_IRQHandler
                0x0000000008002864                EXTI3_IRQHandler
                0x0000000008002864                EXTI0_IRQHandler
                0x0000000008002864                I2C2_EV_IRQHandler
                0x0000000008002864                ADC1_2_IRQHandler
                0x0000000008002864                SPI1_IRQHandler
                0x0000000008002864                TAMPER_IRQHandler
                0x0000000008002864                DMA1_Channel4_IRQHandler
                0x0000000008002864                USART3_IRQHandler
                0x0000000008002864                RTC_IRQHandler
                0x0000000008002864                DMA1_Channel7_IRQHandler
                0x0000000008002864                I2C1_EV_IRQHandler
                0x0000000008002864                DMA1_Channel6_IRQHandler
                0x0000000008002864                RCC_IRQHandler
                0x0000000008002864                TIM1_TRG_COM_IRQHandler
                0x0000000008002864                DMA1_Channel1_IRQHandler
                0x0000000008002864                Default_Handler
                0x0000000008002864                EXTI15_10_IRQHandler
                0x0000000008002864                EXTI9_5_IRQHandler
                0x0000000008002864                SPI2_IRQHandler
                0x0000000008002864                DMA1_Channel5_IRQHandler
                0x0000000008002864                EXTI4_IRQHandler
                0x0000000008002864                DMA1_Channel3_IRQHandler
                0x0000000008002864                TIM1_UP_IRQHandler
                0x0000000008002864                WWDG_IRQHandler
                0x0000000008002864                TIM1_BRK_IRQHandler
                0x0000000008002864                EXTI1_IRQHandler
                0x0000000008002864                USART2_IRQHandler
                0x0000000008002864                I2C2_ER_IRQHandler
                0x0000000008002864                DMA1_Channel2_IRQHandler
                0x0000000008002864                FLASH_IRQHandler
                0x0000000008002864                USART1_IRQHandler
                0x0000000008002864                I2C1_ER_IRQHandler
                0x0000000008002864                USBWakeUp_IRQHandler
 *fill*         0x0000000008002866        0x2 
 .text.HAL_Init
                0x0000000008002868       0x2c ./Drivers/STM32F1xx_HAL_Driver/Src/stm32f1xx_hal.o
                0x0000000008002868                HAL_Init
 .text.HAL_IncTick
                0x0000000008002894       0x24 ./Drivers/STM32F1xx_HAL_Driver/Src/stm32f1xx_hal.o
                0x0000000008002894                HAL_IncTick
 .text.HAL_GetTick
                0x00000000080028b8       0x14 ./Drivers/STM32F1xx_HAL_Driver/Src/stm32f1xx_hal.o
                0x00000000080028b8                HAL_GetTick
 .text.HAL_CAN_Init
                0x00000000080028cc      0x1f6 ./Drivers/STM32F1xx_HAL_Driver/Src/stm32f1xx_hal_can.o
                0x00000000080028cc                HAL_CAN_Init
 .text.HAL_CAN_ConfigFilter
                0x0000000008002ac2      0x192 ./Drivers/STM32F1xx_HAL_Driver/Src/stm32f1xx_hal_can.o
                0x0000000008002ac2                HAL_CAN_ConfigFilter
 .text.HAL_CAN_Start
                0x0000000008002c54       0x88 ./Drivers/STM32F1xx_HAL_Driver/Src/stm32f1xx_hal_can.o
                0x0000000008002c54                HAL_CAN_Start
 .text.HAL_CAN_GetRxMessage
                0x0000000008002cdc      0x242 ./Drivers/STM32F1xx_HAL_Driver/Src/stm32f1xx_hal_can.o
                0x0000000008002cdc                HAL_CAN_GetRxMessage
 .text.HAL_CAN_ActivateNotification
                0x0000000008002f1e       0x4a ./Drivers/STM32F1xx_HAL_Driver/Src/stm32f1xx_hal_can.o
                0x0000000008002f1e                HAL_CAN_ActivateNotification
 .text.HAL_CAN_IRQHandler
                0x0000000008002f68      0x36e ./Drivers/STM32F1xx_HAL_Driver/Src/stm32f1xx_hal_can.o
                0x0000000008002f68                HAL_CAN_IRQHandler
 .text.HAL_CAN_TxMailbox0CompleteCallback
                0x00000000080032d6       0x12 ./Drivers/STM32F1xx_HAL_Driver/Src/stm32f1xx_hal_can.o
                0x00000000080032d6                HAL_CAN_TxMailbox0CompleteCallback
 .text.HAL_CAN_TxMailbox1CompleteCallback
                0x00000000080032e8       0x12 ./Drivers/STM32F1xx_HAL_Driver/Src/stm32f1xx_hal_can.o
                0x00000000080032e8                HAL_CAN_TxMailbox1CompleteCallback
 .text.HAL_CAN_TxMailbox2CompleteCallback
                0x00000000080032fa       0x12 ./Drivers/STM32F1xx_HAL_Driver/Src/stm32f1xx_hal_can.o
                0x00000000080032fa                HAL_CAN_TxMailbox2CompleteCallback
 .text.HAL_CAN_TxMailbox0AbortCallback
                0x000000000800330c       0x12 ./Drivers/STM32F1xx_HAL_Driver/Src/stm32f1xx_hal_can.o
                0x000000000800330c                HAL_CAN_TxMailbox0AbortCallback
 .text.HAL_CAN_TxMailbox1AbortCallback
                0x000000000800331e       0x12 ./Drivers/STM32F1xx_HAL_Driver/Src/stm32f1xx_hal_can.o
                0x000000000800331e                HAL_CAN_TxMailbox1AbortCallback
 .text.HAL_CAN_TxMailbox2AbortCallback
                0x0000000008003330       0x12 ./Drivers/STM32F1xx_HAL_Driver/Src/stm32f1xx_hal_can.o
                0x0000000008003330                HAL_CAN_TxMailbox2AbortCallback
 .text.HAL_CAN_RxFifo0FullCallback
                0x0000000008003342       0x12 ./Drivers/STM32F1xx_HAL_Driver/Src/stm32f1xx_hal_can.o
                0x0000000008003342                HAL_CAN_RxFifo0FullCallback
 .text.HAL_CAN_RxFifo1MsgPendingCallback
                0x0000000008003354       0x12 ./Drivers/STM32F1xx_HAL_Driver/Src/stm32f1xx_hal_can.o
                0x0000000008003354                HAL_CAN_RxFifo1MsgPendingCallback
 .text.HAL_CAN_RxFifo1FullCallback
                0x0000000008003366       0x12 ./Drivers/STM32F1xx_HAL_Driver/Src/stm32f1xx_hal_can.o
                0x0000000008003366                HAL_CAN_RxFifo1FullCallback
 .text.HAL_CAN_SleepCallback
                0x0000000008003378       0x12 ./Drivers/STM32F1xx_HAL_Driver/Src/stm32f1xx_hal_can.o
                0x0000000008003378                HAL_CAN_SleepCallback
 .text.HAL_CAN_WakeUpFromRxMsgCallback
                0x000000000800338a       0x12 ./Drivers/STM32F1xx_HAL_Driver/Src/stm32f1xx_hal_can.o
                0x000000000800338a                HAL_CAN_WakeUpFromRxMsgCallback
 .text.HAL_CAN_ErrorCallback
                0x000000000800339c       0x12 ./Drivers/STM32F1xx_HAL_Driver/Src/stm32f1xx_hal_can.o
                0x000000000800339c                HAL_CAN_ErrorCallback
 *fill*         0x00000000080033ae        0x2 
 .text.__NVIC_SetPriorityGrouping
                0x00000000080033b0       0x48 ./Drivers/STM32F1xx_HAL_Driver/Src/stm32f1xx_hal_cortex.o
 .text.__NVIC_GetPriorityGrouping
                0x00000000080033f8       0x1c ./Drivers/STM32F1xx_HAL_Driver/Src/stm32f1xx_hal_cortex.o
 .text.__NVIC_EnableIRQ
                0x0000000008003414       0x38 ./Drivers/STM32F1xx_HAL_Driver/Src/stm32f1xx_hal_cortex.o
 .text.__NVIC_SetPriority
                0x000000000800344c       0x54 ./Drivers/STM32F1xx_HAL_Driver/Src/stm32f1xx_hal_cortex.o
 .text.NVIC_EncodePriority
                0x00000000080034a0       0x64 ./Drivers/STM32F1xx_HAL_Driver/Src/stm32f1xx_hal_cortex.o
 .text.HAL_NVIC_SetPriorityGrouping
                0x0000000008003504       0x16 ./Drivers/STM32F1xx_HAL_Driver/Src/stm32f1xx_hal_cortex.o
                0x0000000008003504                HAL_NVIC_SetPriorityGrouping
 .text.HAL_NVIC_SetPriority
                0x000000000800351a       0x38 ./Drivers/STM32F1xx_HAL_Driver/Src/stm32f1xx_hal_cortex.o
                0x000000000800351a                HAL_NVIC_SetPriority
 .text.HAL_NVIC_EnableIRQ
                0x0000000008003552       0x1c ./Drivers/STM32F1xx_HAL_Driver/Src/stm32f1xx_hal_cortex.o
                0x0000000008003552                HAL_NVIC_EnableIRQ
 *fill*         0x000000000800356e        0x2 
 .text.HAL_GPIO_Init
                0x0000000008003570      0x308 ./Drivers/STM32F1xx_HAL_Driver/Src/stm32f1xx_hal_gpio.o
                0x0000000008003570                HAL_GPIO_Init
 .text.HAL_GPIO_ReadPin
                0x0000000008003878       0x2e ./Drivers/STM32F1xx_HAL_Driver/Src/stm32f1xx_hal_gpio.o
                0x0000000008003878                HAL_GPIO_ReadPin
 .text.HAL_GPIO_WritePin
                0x00000000080038a6       0x30 ./Drivers/STM32F1xx_HAL_Driver/Src/stm32f1xx_hal_gpio.o
                0x00000000080038a6                HAL_GPIO_WritePin
 *fill*         0x00000000080038d6        0x2 
 .text.HAL_RCC_OscConfig
                0x00000000080038d8      0x504 ./Drivers/STM32F1xx_HAL_Driver/Src/stm32f1xx_hal_rcc.o
                0x00000000080038d8                HAL_RCC_OscConfig
 .text.HAL_RCC_ClockConfig
                0x0000000008003ddc      0x1d4 ./Drivers/STM32F1xx_HAL_Driver/Src/stm32f1xx_hal_rcc.o
                0x0000000008003ddc                HAL_RCC_ClockConfig
 .text.HAL_RCC_GetSysClockFreq
                0x0000000008003fb0       0xa8 ./Drivers/STM32F1xx_HAL_Driver/Src/stm32f1xx_hal_rcc.o
                0x0000000008003fb0                HAL_RCC_GetSysClockFreq
 .text.HAL_RCC_GetHCLKFreq
                0x0000000008004058       0x14 ./Drivers/STM32F1xx_HAL_Driver/Src/stm32f1xx_hal_rcc.o
                0x0000000008004058                HAL_RCC_GetHCLKFreq
 .text.HAL_RCC_GetPCLK1Freq
                0x000000000800406c       0x28 ./Drivers/STM32F1xx_HAL_Driver/Src/stm32f1xx_hal_rcc.o
                0x000000000800406c                HAL_RCC_GetPCLK1Freq
 .text.HAL_RCC_GetPCLK2Freq
                0x0000000008004094       0x28 ./Drivers/STM32F1xx_HAL_Driver/Src/stm32f1xx_hal_rcc.o
                0x0000000008004094                HAL_RCC_GetPCLK2Freq
 .text.HAL_RCC_GetClockConfig
                0x00000000080040bc       0x60 ./Drivers/STM32F1xx_HAL_Driver/Src/stm32f1xx_hal_rcc.o
                0x00000000080040bc                HAL_RCC_GetClockConfig
 .text.RCC_Delay
                0x000000000800411c       0x3c ./Drivers/STM32F1xx_HAL_Driver/Src/stm32f1xx_hal_rcc.o
 .text.HAL_TIM_Base_Init
                0x0000000008004158       0x9e ./Drivers/STM32F1xx_HAL_Driver/Src/stm32f1xx_hal_tim.o
                0x0000000008004158                HAL_TIM_Base_Init
 .text.HAL_TIM_Base_Stop
                0x00000000080041f6       0x4c ./Drivers/STM32F1xx_HAL_Driver/Src/stm32f1xx_hal_tim.o
                0x00000000080041f6                HAL_TIM_Base_Stop
 *fill*         0x0000000008004242        0x2 
 .text.HAL_TIM_Base_Start_IT
                0x0000000008004244       0xa4 ./Drivers/STM32F1xx_HAL_Driver/Src/stm32f1xx_hal_tim.o
                0x0000000008004244                HAL_TIM_Base_Start_IT
 .text.HAL_TIM_PWM_Init
                0x00000000080042e8       0x9e ./Drivers/STM32F1xx_HAL_Driver/Src/stm32f1xx_hal_tim.o
                0x00000000080042e8                HAL_TIM_PWM_Init
 .text.HAL_TIM_PWM_MspInit
                0x0000000008004386       0x12 ./Drivers/STM32F1xx_HAL_Driver/Src/stm32f1xx_hal_tim.o
                0x0000000008004386                HAL_TIM_PWM_MspInit
 .text.HAL_TIM_PWM_Start
                0x0000000008004398      0x144 ./Drivers/STM32F1xx_HAL_Driver/Src/stm32f1xx_hal_tim.o
                0x0000000008004398                HAL_TIM_PWM_Start
 .text.HAL_TIM_PWM_Stop
                0x00000000080044dc       0xc8 ./Drivers/STM32F1xx_HAL_Driver/Src/stm32f1xx_hal_tim.o
                0x00000000080044dc                HAL_TIM_PWM_Stop
 .text.HAL_TIM_IRQHandler
                0x00000000080045a4      0x210 ./Drivers/STM32F1xx_HAL_Driver/Src/stm32f1xx_hal_tim.o
                0x00000000080045a4                HAL_TIM_IRQHandler
 .text.HAL_TIM_PWM_ConfigChannel
                0x00000000080047b4      0x184 ./Drivers/STM32F1xx_HAL_Driver/Src/stm32f1xx_hal_tim.o
                0x00000000080047b4                HAL_TIM_PWM_ConfigChannel
 .text.HAL_TIM_ConfigClockSource
                0x0000000008004938      0x18e ./Drivers/STM32F1xx_HAL_Driver/Src/stm32f1xx_hal_tim.o
                0x0000000008004938                HAL_TIM_ConfigClockSource
 .text.HAL_TIM_OC_DelayElapsedCallback
                0x0000000008004ac6       0x12 ./Drivers/STM32F1xx_HAL_Driver/Src/stm32f1xx_hal_tim.o
                0x0000000008004ac6                HAL_TIM_OC_DelayElapsedCallback
 .text.HAL_TIM_IC_CaptureCallback
                0x0000000008004ad8       0x12 ./Drivers/STM32F1xx_HAL_Driver/Src/stm32f1xx_hal_tim.o
                0x0000000008004ad8                HAL_TIM_IC_CaptureCallback
 .text.HAL_TIM_PWM_PulseFinishedCallback
                0x0000000008004aea       0x12 ./Drivers/STM32F1xx_HAL_Driver/Src/stm32f1xx_hal_tim.o
                0x0000000008004aea                HAL_TIM_PWM_PulseFinishedCallback
 .text.HAL_TIM_TriggerCallback
                0x0000000008004afc       0x12 ./Drivers/STM32F1xx_HAL_Driver/Src/stm32f1xx_hal_tim.o
                0x0000000008004afc                HAL_TIM_TriggerCallback
 *fill*         0x0000000008004b0e        0x2 
 .text.TIM_Base_SetConfig
                0x0000000008004b10       0xc4 ./Drivers/STM32F1xx_HAL_Driver/Src/stm32f1xx_hal_tim.o
                0x0000000008004b10                TIM_Base_SetConfig
 .text.TIM_OC1_SetConfig
                0x0000000008004bd4       0xcc ./Drivers/STM32F1xx_HAL_Driver/Src/stm32f1xx_hal_tim.o
 .text.TIM_OC2_SetConfig
                0x0000000008004ca0       0xd4 ./Drivers/STM32F1xx_HAL_Driver/Src/stm32f1xx_hal_tim.o
                0x0000000008004ca0                TIM_OC2_SetConfig
 .text.TIM_OC3_SetConfig
                0x0000000008004d74       0xd4 ./Drivers/STM32F1xx_HAL_Driver/Src/stm32f1xx_hal_tim.o
 .text.TIM_OC4_SetConfig
                0x0000000008004e48       0x9c ./Drivers/STM32F1xx_HAL_Driver/Src/stm32f1xx_hal_tim.o
 .text.TIM_TI1_ConfigInputStage
                0x0000000008004ee4       0x5c ./Drivers/STM32F1xx_HAL_Driver/Src/stm32f1xx_hal_tim.o
 .text.TIM_TI2_ConfigInputStage
                0x0000000008004f40       0x5e ./Drivers/STM32F1xx_HAL_Driver/Src/stm32f1xx_hal_tim.o
 .text.TIM_ITRx_SetConfig
                0x0000000008004f9e       0x34 ./Drivers/STM32F1xx_HAL_Driver/Src/stm32f1xx_hal_tim.o
 .text.TIM_ETR_SetConfig
                0x0000000008004fd2       0x3e ./Drivers/STM32F1xx_HAL_Driver/Src/stm32f1xx_hal_tim.o
                0x0000000008004fd2                TIM_ETR_SetConfig
 .text.TIM_CCxChannelCmd
                0x0000000008005010       0x48 ./Drivers/STM32F1xx_HAL_Driver/Src/stm32f1xx_hal_tim.o
                0x0000000008005010                TIM_CCxChannelCmd
 .text.HAL_TIMEx_MasterConfigSynchronization
                0x0000000008005058       0xbc ./Drivers/STM32F1xx_HAL_Driver/Src/stm32f1xx_hal_tim_ex.o
                0x0000000008005058                HAL_TIMEx_MasterConfigSynchronization
 .text.HAL_TIMEx_ConfigBreakDeadTime
                0x0000000008005114       0xa2 ./Drivers/STM32F1xx_HAL_Driver/Src/stm32f1xx_hal_tim_ex.o
                0x0000000008005114                HAL_TIMEx_ConfigBreakDeadTime
 .text.HAL_TIMEx_CommutCallback
                0x00000000080051b6       0x12 ./Drivers/STM32F1xx_HAL_Driver/Src/stm32f1xx_hal_tim_ex.o
                0x00000000080051b6                HAL_TIMEx_CommutCallback
 .text.HAL_TIMEx_BreakCallback
                0x00000000080051c8       0x12 ./Drivers/STM32F1xx_HAL_Driver/Src/stm32f1xx_hal_tim_ex.o
                0x00000000080051c8                HAL_TIMEx_BreakCallback
 .text.HAL_UART_Init
                0x00000000080051da       0xa0 ./Drivers/STM32F1xx_HAL_Driver/Src/stm32f1xx_hal_uart.o
                0x00000000080051da                HAL_UART_Init
 .text.HAL_UART_Transmit
                0x000000000800527a      0x106 ./Drivers/STM32F1xx_HAL_Driver/Src/stm32f1xx_hal_uart.o
                0x000000000800527a                HAL_UART_Transmit
 .text.UART_WaitOnFlagUntilTimeout
                0x0000000008005380       0xdc ./Drivers/STM32F1xx_HAL_Driver/Src/stm32f1xx_hal_uart.o
 .text.UART_SetConfig
                0x000000000800545c      0x11c ./Drivers/STM32F1xx_HAL_Driver/Src/stm32f1xx_hal_uart.o
 .text.makeFreeRtosPriority
                0x0000000008005578       0x2e ./Middlewares/Third_Party/FreeRTOS/Source/CMSIS_RTOS/cmsis_os.o
 .text.osKernelStart
                0x00000000080055a6        0xe ./Middlewares/Third_Party/FreeRTOS/Source/CMSIS_RTOS/cmsis_os.o
                0x00000000080055a6                osKernelStart
 .text.osThreadCreate
                0x00000000080055b4       0x98 ./Middlewares/Third_Party/FreeRTOS/Source/CMSIS_RTOS/cmsis_os.o
                0x00000000080055b4                osThreadCreate
 .text.osDelay  0x000000000800564c       0x28 ./Middlewares/Third_Party/FreeRTOS/Source/CMSIS_RTOS/cmsis_os.o
                0x000000000800564c                osDelay
 .text.vListInitialise
                0x0000000008005674       0x3e ./Middlewares/Third_Party/FreeRTOS/Source/list.o
                0x0000000008005674                vListInitialise
 .text.vListInitialiseItem
                0x00000000080056b2       0x18 ./Middlewares/Third_Party/FreeRTOS/Source/list.o
                0x00000000080056b2                vListInitialiseItem
 .text.vListInsertEnd
                0x00000000080056ca       0x46 ./Middlewares/Third_Party/FreeRTOS/Source/list.o
                0x00000000080056ca                vListInsertEnd
 .text.vListInsert
                0x0000000008005710       0x70 ./Middlewares/Third_Party/FreeRTOS/Source/list.o
                0x0000000008005710                vListInsert
 .text.uxListRemove
                0x0000000008005780       0x52 ./Middlewares/Third_Party/FreeRTOS/Source/list.o
                0x0000000008005780                uxListRemove
 .text.xTaskCreateStatic
                0x00000000080057d2       0xb8 ./Middlewares/Third_Party/FreeRTOS/Source/tasks.o
                0x00000000080057d2                xTaskCreateStatic
 .text.xTaskCreate
                0x000000000800588a       0x8a ./Middlewares/Third_Party/FreeRTOS/Source/tasks.o
                0x000000000800588a                xTaskCreate
 .text.prvInitialiseNewTask
                0x0000000008005914      0x12c ./Middlewares/Third_Party/FreeRTOS/Source/tasks.o
 .text.prvAddNewTaskToReadyList
                0x0000000008005a40       0xd4 ./Middlewares/Third_Party/FreeRTOS/Source/tasks.o
 .text.vTaskDelay
                0x0000000008005b14       0x68 ./Middlewares/Third_Party/FreeRTOS/Source/tasks.o
                0x0000000008005b14                vTaskDelay
 .text.vTaskStartScheduler
                0x0000000008005b7c       0xd4 ./Middlewares/Third_Party/FreeRTOS/Source/tasks.o
                0x0000000008005b7c                vTaskStartScheduler
 .text.vTaskSuspendAll
                0x0000000008005c50       0x1c ./Middlewares/Third_Party/FreeRTOS/Source/tasks.o
                0x0000000008005c50                vTaskSuspendAll
 .text.xTaskResumeAll
                0x0000000008005c6c      0x138 ./Middlewares/Third_Party/FreeRTOS/Source/tasks.o
                0x0000000008005c6c                xTaskResumeAll
 .text.xTaskIncrementTick
                0x0000000008005da4      0x17c ./Middlewares/Third_Party/FreeRTOS/Source/tasks.o
                0x0000000008005da4                xTaskIncrementTick
 .text.vTaskSwitchContext
                0x0000000008005f20       0xc4 ./Middlewares/Third_Party/FreeRTOS/Source/tasks.o
                0x0000000008005f20                vTaskSwitchContext
 .text.prvIdleTask
                0x0000000008005fe4       0x30 ./Middlewares/Third_Party/FreeRTOS/Source/tasks.o
 .text.prvInitialiseTaskLists
                0x0000000008006014       0x80 ./Middlewares/Third_Party/FreeRTOS/Source/tasks.o
 .text.prvCheckTasksWaitingTermination
                0x0000000008006094       0x5c ./Middlewares/Third_Party/FreeRTOS/Source/tasks.o
 .text.prvDeleteTCB
                0x00000000080060f0       0x68 ./Middlewares/Third_Party/FreeRTOS/Source/tasks.o
 .text.prvResetNextTaskUnblockTime
                0x0000000008006158       0x48 ./Middlewares/Third_Party/FreeRTOS/Source/tasks.o
 .text.prvAddCurrentTaskToDelayedList
                0x00000000080061a0       0xcc ./Middlewares/Third_Party/FreeRTOS/Source/tasks.o
 .text.pxPortInitialiseStack
                0x000000000800626c       0x58 ./Middlewares/Third_Party/FreeRTOS/Source/portable/GCC/ARM_CM3/port.o
                0x000000000800626c                pxPortInitialiseStack
 .text.prvTaskExitError
                0x00000000080062c4       0x58 ./Middlewares/Third_Party/FreeRTOS/Source/portable/GCC/ARM_CM3/port.o
 *fill*         0x000000000800631c        0x4 
 .text.SVC_Handler
                0x0000000008006320       0x28 ./Middlewares/Third_Party/FreeRTOS/Source/portable/GCC/ARM_CM3/port.o
                0x0000000008006320                SVC_Handler
 .text.prvPortStartFirstTask
                0x0000000008006348       0x20 ./Middlewares/Third_Party/FreeRTOS/Source/portable/GCC/ARM_CM3/port.o
 .text.xPortStartScheduler
                0x0000000008006368       0xe4 ./Middlewares/Third_Party/FreeRTOS/Source/portable/GCC/ARM_CM3/port.o
                0x0000000008006368                xPortStartScheduler
 .text.vPortEnterCritical
                0x000000000800644c       0x60 ./Middlewares/Third_Party/FreeRTOS/Source/portable/GCC/ARM_CM3/port.o
                0x000000000800644c                vPortEnterCritical
 .text.vPortExitCritical
                0x00000000080064ac       0x50 ./Middlewares/Third_Party/FreeRTOS/Source/portable/GCC/ARM_CM3/port.o
                0x00000000080064ac                vPortExitCritical
 *fill*         0x00000000080064fc        0x4 
 .text.PendSV_Handler
                0x0000000008006500       0x48 ./Middlewares/Third_Party/FreeRTOS/Source/portable/GCC/ARM_CM3/port.o
                0x0000000008006500                PendSV_Handler
 .text.SysTick_Handler
                0x0000000008006548       0x44 ./Middlewares/Third_Party/FreeRTOS/Source/portable/GCC/ARM_CM3/port.o
                0x0000000008006548                SysTick_Handler
 .text.vPortSetupTimerInterrupt
                0x000000000800658c       0x44 ./Middlewares/Third_Party/FreeRTOS/Source/portable/GCC/ARM_CM3/port.o
                0x000000000800658c                vPortSetupTimerInterrupt
 .text.pvPortMalloc
                0x00000000080065d0      0x188 ./Middlewares/Third_Party/FreeRTOS/Source/portable/MemMang/heap_4.o
                0x00000000080065d0                pvPortMalloc
 .text.vPortFree
                0x0000000008006758       0xb4 ./Middlewares/Third_Party/FreeRTOS/Source/portable/MemMang/heap_4.o
                0x0000000008006758                vPortFree
 .text.prvHeapInit
                0x000000000800680c       0xc4 ./Middlewares/Third_Party/FreeRTOS/Source/portable/MemMang/heap_4.o
 .text.prvInsertBlockIntoFreeList
                0x00000000080068d0       0xb0 ./Middlewares/Third_Party/FreeRTOS/Source/portable/MemMang/heap_4.o
 .text.memset   0x0000000008006980       0x10 /opt/st/stm32cubeide_1.13.2/plugins/com.st.stm32cube.ide.mcu.externaltools.gnu-tools-for-stm32.11.3.rel1.linux64_1.1.1.202309131626/tools/bin/../lib/gcc/arm-none-eabi/11.3.1/../../../../arm-none-eabi/lib/thumb/v7-m/nofp/libc_nano.a(libc_a-memset.o)
                0x0000000008006980                memset
 .text._reclaim_reent
                0x0000000008006990       0xac /opt/st/stm32cubeide_1.13.2/plugins/com.st.stm32cube.ide.mcu.externaltools.gnu-tools-for-stm32.11.3.rel1.linux64_1.1.1.202309131626/tools/bin/../lib/gcc/arm-none-eabi/11.3.1/../../../../arm-none-eabi/lib/thumb/v7-m/nofp/libc_nano.a(libc_a-reent.o)
                0x0000000008006990                _reclaim_reent
 .text.__libc_init_array
                0x0000000008006a3c       0x48 /opt/st/stm32cubeide_1.13.2/plugins/com.st.stm32cube.ide.mcu.externaltools.gnu-tools-for-stm32.11.3.rel1.linux64_1.1.1.202309131626/tools/bin/../lib/gcc/arm-none-eabi/11.3.1/../../../../arm-none-eabi/lib/thumb/v7-m/nofp/libc_nano.a(libc_a-init.o)
                0x0000000008006a3c                __libc_init_array
 .text.__retarget_lock_acquire_recursive
                0x0000000008006a84        0x2 /opt/st/stm32cubeide_1.13.2/plugins/com.st.stm32cube.ide.mcu.externaltools.gnu-tools-for-stm32.11.3.rel1.linux64_1.1.1.202309131626/tools/bin/../lib/gcc/arm-none-eabi/11.3.1/../../../../arm-none-eabi/lib/thumb/v7-m/nofp/libc_nano.a(libc_a-lock.o)
                0x0000000008006a84                __retarget_lock_acquire_recursive
 .text.__retarget_lock_release_recursive
                0x0000000008006a86        0x2 /opt/st/stm32cubeide_1.13.2/plugins/com.st.stm32cube.ide.mcu.externaltools.gnu-tools-for-stm32.11.3.rel1.linux64_1.1.1.202309131626/tools/bin/../lib/gcc/arm-none-eabi/11.3.1/../../../../arm-none-eabi/lib/thumb/v7-m/nofp/libc_nano.a(libc_a-lock.o)
                0x0000000008006a86                __retarget_lock_release_recursive
 .text._free_r  0x0000000008006a88       0x90 /opt/st/stm32cubeide_1.13.2/plugins/com.st.stm32cube.ide.mcu.externaltools.gnu-tools-for-stm32.11.3.rel1.linux64_1.1.1.202309131626/tools/bin/../lib/gcc/arm-none-eabi/11.3.1/../../../../arm-none-eabi/lib/thumb/v7-m/nofp/libc_nano.a(libc_a-freer.o)
                0x0000000008006a88                _free_r
 .text.__malloc_lock
                0x0000000008006b18        0xc /opt/st/stm32cubeide_1.13.2/plugins/com.st.stm32cube.ide.mcu.externaltools.gnu-tools-for-stm32.11.3.rel1.linux64_1.1.1.202309131626/tools/bin/../lib/gcc/arm-none-eabi/11.3.1/../../../../arm-none-eabi/lib/thumb/v7-m/nofp/libc_nano.a(libc_a-mlock.o)
                0x0000000008006b18                __malloc_lock
 .text.__malloc_unlock
                0x0000000008006b24        0xc /opt/st/stm32cubeide_1.13.2/plugins/com.st.stm32cube.ide.mcu.externaltools.gnu-tools-for-stm32.11.3.rel1.linux64_1.1.1.202309131626/tools/bin/../lib/gcc/arm-none-eabi/11.3.1/../../../../arm-none-eabi/lib/thumb/v7-m/nofp/libc_nano.a(libc_a-mlock.o)
                0x0000000008006b24                __malloc_unlock
 *(.glue_7)
 .glue_7        0x0000000008006b30        0x0 linker stubs
 *(.glue_7t)
 .glue_7t       0x0000000008006b30        0x0 linker stubs
 *(.eh_frame)
 .eh_frame      0x0000000008006b30        0x0 /opt/st/stm32cubeide_1.13.2/plugins/com.st.stm32cube.ide.mcu.externaltools.gnu-tools-for-stm32.11.3.rel1.linux64_1.1.1.202309131626/tools/bin/../lib/gcc/arm-none-eabi/11.3.1/thumb/v7-m/nofp/crtbegin.o
 *(.init)
 .init          0x0000000008006b30        0x4 /opt/st/stm32cubeide_1.13.2/plugins/com.st.stm32cube.ide.mcu.externaltools.gnu-tools-for-stm32.11.3.rel1.linux64_1.1.1.202309131626/tools/bin/../lib/gcc/arm-none-eabi/11.3.1/thumb/v7-m/nofp/crti.o
                0x0000000008006b30                _init
 .init          0x0000000008006b34        0x8 /opt/st/stm32cubeide_1.13.2/plugins/com.st.stm32cube.ide.mcu.externaltools.gnu-tools-for-stm32.11.3.rel1.linux64_1.1.1.202309131626/tools/bin/../lib/gcc/arm-none-eabi/11.3.1/thumb/v7-m/nofp/crtn.o
 *(.fini)
 .fini          0x0000000008006b3c        0x4 /opt/st/stm32cubeide_1.13.2/plugins/com.st.stm32cube.ide.mcu.externaltools.gnu-tools-for-stm32.11.3.rel1.linux64_1.1.1.202309131626/tools/bin/../lib/gcc/arm-none-eabi/11.3.1/thumb/v7-m/nofp/crti.o
                0x0000000008006b3c                _fini
 .fini          0x0000000008006b40        0x8 /opt/st/stm32cubeide_1.13.2/plugins/com.st.stm32cube.ide.mcu.externaltools.gnu-tools-for-stm32.11.3.rel1.linux64_1.1.1.202309131626/tools/bin/../lib/gcc/arm-none-eabi/11.3.1/thumb/v7-m/nofp/crtn.o
                0x0000000008006b48                . = ALIGN (0x4)
                0x0000000008006b48                _etext = .

.vfp11_veneer   0x0000000008006b48        0x0
 .vfp11_veneer  0x0000000008006b48        0x0 linker stubs

.v4_bx          0x0000000008006b48        0x0
 .v4_bx         0x0000000008006b48        0x0 linker stubs

.iplt           0x0000000008006b48        0x0
 .iplt          0x0000000008006b48        0x0 /opt/st/stm32cubeide_1.13.2/plugins/com.st.stm32cube.ide.mcu.externaltools.gnu-tools-for-stm32.11.3.rel1.linux64_1.1.1.202309131626/tools/bin/../lib/gcc/arm-none-eabi/11.3.1/thumb/v7-m/nofp/crtbegin.o

.rodata         0x0000000008006b48       0x5c
                0x0000000008006b48                . = ALIGN (0x4)
 *(.rodata)
 .rodata        0x0000000008006b48       0x28 ./Core/Src/freertos.o
 .rodata        0x0000000008006b70        0x5 ./Middlewares/Third_Party/FreeRTOS/Source/tasks.o
 *(.rodata*)
 *fill*         0x0000000008006b75        0x3 
 .rodata.AHBPrescTable
                0x0000000008006b78       0x10 ./Core/Src/system_stm32f1xx.o
                0x0000000008006b78                AHBPrescTable
 .rodata.APBPrescTable
                0x0000000008006b88        0x8 ./Core/Src/system_stm32f1xx.o
                0x0000000008006b88                APBPrescTable
 .rodata.aPLLMULFactorTable.1
                0x0000000008006b90       0x10 ./Drivers/STM32F1xx_HAL_Driver/Src/stm32f1xx_hal_rcc.o
 .rodata.aPredivFactorTable.0
                0x0000000008006ba0        0x2 ./Drivers/STM32F1xx_HAL_Driver/Src/stm32f1xx_hal_rcc.o
                0x0000000008006ba4                . = ALIGN (0x4)
 *fill*         0x0000000008006ba2        0x2 

.rel.dyn        0x0000000008006ba4        0x0
 .rel.iplt      0x0000000008006ba4        0x0 /opt/st/stm32cubeide_1.13.2/plugins/com.st.stm32cube.ide.mcu.externaltools.gnu-tools-for-stm32.11.3.rel1.linux64_1.1.1.202309131626/tools/bin/../lib/gcc/arm-none-eabi/11.3.1/thumb/v7-m/nofp/crtbegin.o

.ARM.extab      0x0000000008006ba4        0x0
                0x0000000008006ba4                . = ALIGN (0x4)
 *(.ARM.extab* .gnu.linkonce.armextab.*)
                0x0000000008006ba4                . = ALIGN (0x4)

.ARM            0x0000000008006ba4        0x0
                0x0000000008006ba4                . = ALIGN (0x4)
                0x0000000008006ba4                __exidx_start = .
 *(.ARM.exidx*)
                0x0000000008006ba4                __exidx_end = .
                0x0000000008006ba4                . = ALIGN (0x4)

.preinit_array  0x0000000008006ba4        0x0
                0x0000000008006ba4                . = ALIGN (0x4)
                0x0000000008006ba4                PROVIDE (__preinit_array_start = .)
 *(.preinit_array*)
                0x0000000008006ba4                PROVIDE (__preinit_array_end = .)
                0x0000000008006ba4                . = ALIGN (0x4)

.init_array     0x0000000008006ba4        0x4
                0x0000000008006ba4                . = ALIGN (0x4)
                0x0000000008006ba4                PROVIDE (__init_array_start = .)
 *(SORT_BY_NAME(.init_array.*))
 *(.init_array*)
 .init_array    0x0000000008006ba4        0x4 /opt/st/stm32cubeide_1.13.2/plugins/com.st.stm32cube.ide.mcu.externaltools.gnu-tools-for-stm32.11.3.rel1.linux64_1.1.1.202309131626/tools/bin/../lib/gcc/arm-none-eabi/11.3.1/thumb/v7-m/nofp/crtbegin.o
                0x0000000008006ba8                PROVIDE (__init_array_end = .)
                0x0000000008006ba8                . = ALIGN (0x4)

.fini_array     0x0000000008006ba8        0x4
                0x0000000008006ba8                . = ALIGN (0x4)
                [!provide]                        PROVIDE (__fini_array_start = .)
 *(SORT_BY_NAME(.fini_array.*))
 *(.fini_array*)
 .fini_array    0x0000000008006ba8        0x4 /opt/st/stm32cubeide_1.13.2/plugins/com.st.stm32cube.ide.mcu.externaltools.gnu-tools-for-stm32.11.3.rel1.linux64_1.1.1.202309131626/tools/bin/../lib/gcc/arm-none-eabi/11.3.1/thumb/v7-m/nofp/crtbegin.o
                [!provide]                        PROVIDE (__fini_array_end = .)
                0x0000000008006bac                . = ALIGN (0x4)
                0x0000000008006bac                _sidata = LOADADDR (.data)

.data           0x0000000020000000       0xe0 load address 0x0000000008006bac
                0x0000000020000000                . = ALIGN (0x4)
                0x0000000020000000                _sdata = .
 *(.data)
 *(.data*)
 .data.u8_RequestedSpeed
                0x0000000020000000        0x4 ./Core/Src/main.o
                0x0000000020000000                u8_RequestedSpeed
 .data.current_speed
                0x0000000020000004        0x4 ./Core/Src/main.o
                0x0000000020000004                current_speed
 .data.Display_IntroScreen
                0x0000000020000008        0x9 ./Core/Src/main.o
                0x0000000020000008                Display_IntroScreen
 *fill*         0x0000000020000011        0x3 
 .data.Display_Speed0
                0x0000000020000014        0x9 ./Core/Src/main.o
                0x0000000020000014                Display_Speed0
 *fill*         0x000000002000001d        0x3 
 .data.Display_Speed1
                0x0000000020000020        0x9 ./Core/Src/main.o
                0x0000000020000020                Display_Speed1
 *fill*         0x0000000020000029        0x3 
 .data.Display_Speed2
                0x000000002000002c        0x9 ./Core/Src/main.o
                0x000000002000002c                Display_Speed2
 *fill*         0x0000000020000035        0x3 
 .data.Display_Speed3
                0x0000000020000038        0x9 ./Core/Src/main.o
                0x0000000020000038                Display_Speed3
 *fill*         0x0000000020000041        0x3 
 .data.Display_Speed4
                0x0000000020000044        0x9 ./Core/Src/main.o
                0x0000000020000044                Display_Speed4
 *fill*         0x000000002000004d        0x3 
 .data.Display_Speed5
                0x0000000020000050        0x9 ./Core/Src/main.o
                0x0000000020000050                Display_Speed5
 *fill*         0x0000000020000059        0x3 
 .data.RPM      0x000000002000005c        0x7 ./Core/Src/main.o
                0x000000002000005c                RPM
 *fill*         0x0000000020000063        0x1 
 .data.CUR      0x0000000020000064        0x7 ./Core/Src/main.o
                0x0000000020000064                CUR
 *fill*         0x000000002000006b        0x1 
 .data.DUTY     0x000000002000006c        0x7 ./Core/Src/main.o
                0x000000002000006c                DUTY
 *fill*         0x0000000020000073        0x1 
 .data.WH       0x0000000020000074        0x7 ./Core/Src/main.o
                0x0000000020000074                WH
 *fill*         0x000000002000007b        0x1 
 .data.Termination
                0x000000002000007c        0x3 ./Core/Src/main.o
                0x000000002000007c                Termination
 *fill*         0x000000002000007f        0x1 
 .data.SystemCoreClock
                0x0000000020000080        0x4 ./Core/Src/system_stm32f1xx.o
                0x0000000020000080                SystemCoreClock
 .data.uwTickPrio
                0x0000000020000084        0x4 ./Drivers/STM32F1xx_HAL_Driver/Src/stm32f1xx_hal.o
                0x0000000020000084                uwTickPrio
 .data.uwTickFreq
                0x0000000020000088        0x1 ./Drivers/STM32F1xx_HAL_Driver/Src/stm32f1xx_hal.o
                0x0000000020000088                uwTickFreq
 *fill*         0x0000000020000089        0x3 
 .data.uxCriticalNesting
                0x000000002000008c        0x4 ./Middlewares/Third_Party/FreeRTOS/Source/portable/GCC/ARM_CM3/port.o
 .data._impure_data
                0x0000000020000090       0x4c /opt/st/stm32cubeide_1.13.2/plugins/com.st.stm32cube.ide.mcu.externaltools.gnu-tools-for-stm32.11.3.rel1.linux64_1.1.1.202309131626/tools/bin/../lib/gcc/arm-none-eabi/11.3.1/../../../../arm-none-eabi/lib/thumb/v7-m/nofp/libc_nano.a(libc_a-impure.o)
                0x0000000020000090                _impure_data
 .data._impure_ptr
                0x00000000200000dc        0x4 /opt/st/stm32cubeide_1.13.2/plugins/com.st.stm32cube.ide.mcu.externaltools.gnu-tools-for-stm32.11.3.rel1.linux64_1.1.1.202309131626/tools/bin/../lib/gcc/arm-none-eabi/11.3.1/../../../../arm-none-eabi/lib/thumb/v7-m/nofp/libc_nano.a(libc_a-impure.o)
                0x00000000200000dc                _impure_ptr
 *(.RamFunc)
 *(.RamFunc*)
                0x00000000200000e0                . = ALIGN (0x4)
                0x00000000200000e0                _edata = .

.igot.plt       0x00000000200000e0        0x0 load address 0x0000000008006c8c
 .igot.plt      0x00000000200000e0        0x0 /opt/st/stm32cubeide_1.13.2/plugins/com.st.stm32cube.ide.mcu.externaltools.gnu-tools-for-stm32.11.3.rel1.linux64_1.1.1.202309131626/tools/bin/../lib/gcc/arm-none-eabi/11.3.1/thumb/v7-m/nofp/crtbegin.o
                0x00000000200000e0                . = ALIGN (0x4)

.bss            0x00000000200000e0     0x1398 load address 0x0000000008006c8c
                0x00000000200000e0                _sbss = .
                0x00000000200000e0                __bss_start__ = _sbss
 *(.bss)
 .bss           0x00000000200000e0       0x1c /opt/st/stm32cubeide_1.13.2/plugins/com.st.stm32cube.ide.mcu.externaltools.gnu-tools-for-stm32.11.3.rel1.linux64_1.1.1.202309131626/tools/bin/../lib/gcc/arm-none-eabi/11.3.1/thumb/v7-m/nofp/crtbegin.o
 *(.bss*)
 .bss.hcan      0x00000000200000fc       0x28 ./Core/Src/can.o
                0x00000000200000fc                hcan
 .bss.defaultTaskHandle
                0x0000000020000124        0x4 ./Core/Src/freertos.o
                0x0000000020000124                defaultTaskHandle
 .bss.xIdleTaskTCBBuffer
                0x0000000020000128       0xa0 ./Core/Src/freertos.o
 .bss.xIdleStack
                0x00000000200001c8      0x200 ./Core/Src/freertos.o
 .bss.rxHeader  0x00000000200003c8       0x1c ./Core/Src/main.o
                0x00000000200003c8                rxHeader
 .bss.rxData    0x00000000200003e4        0x8 ./Core/Src/main.o
                0x00000000200003e4                rxData
 .bss.Rec_ERPM  0x00000000200003ec        0x4 ./Core/Src/main.o
                0x00000000200003ec                Rec_ERPM
 .bss.Rec_Current
                0x00000000200003f0        0x2 ./Core/Src/main.o
                0x00000000200003f0                Rec_Current
 .bss.Rec_DutyCycle
                0x00000000200003f2        0x2 ./Core/Src/main.o
                0x00000000200003f2                Rec_DutyCycle
 .bss.Rec_AhUsed
                0x00000000200003f4        0x4 ./Core/Src/main.o
                0x00000000200003f4                Rec_AhUsed
 .bss.Rec_AhCharged
                0x00000000200003f8        0x4 ./Core/Src/main.o
                0x00000000200003f8                Rec_AhCharged
 .bss.Rec_WhUsed
                0x00000000200003fc        0x4 ./Core/Src/main.o
                0x00000000200003fc                Rec_WhUsed
 .bss.Rec_WhCharged
                0x0000000020000400        0x4 ./Core/Src/main.o
                0x0000000020000400                Rec_WhCharged
 .bss.Rec_TempFET
                0x0000000020000404        0x2 ./Core/Src/main.o
                0x0000000020000404                Rec_TempFET
 .bss.Rec_TempMotor
                0x0000000020000406        0x2 ./Core/Src/main.o
                0x0000000020000406                Rec_TempMotor
 .bss.Rec_CurrentIn
                0x0000000020000408        0x2 ./Core/Src/main.o
                0x0000000020000408                Rec_CurrentIn
 .bss.Rec_PIDPos
                0x000000002000040a        0x2 ./Core/Src/main.o
                0x000000002000040a                Rec_PIDPos
 .bss.Rec_Tachometer
                0x000000002000040c        0x4 ./Core/Src/main.o
                0x000000002000040c                Rec_Tachometer
 .bss.Rec_VoltageIn
                0x0000000020000410        0x2 ./Core/Src/main.o
                0x0000000020000410                Rec_VoltageIn
 *fill*         0x0000000020000412        0x2 
 .bss.ERPM      0x0000000020000414        0x4 ./Core/Src/main.o
                0x0000000020000414                ERPM
 .bss.Current   0x0000000020000418        0x4 ./Core/Src/main.o
                0x0000000020000418                Current
 .bss.DutyCycle
                0x000000002000041c        0x4 ./Core/Src/main.o
                0x000000002000041c                DutyCycle
 .bss.AhUsed    0x0000000020000420        0x4 ./Core/Src/main.o
                0x0000000020000420                AhUsed
 .bss.AhCharged
                0x0000000020000424        0x4 ./Core/Src/main.o
                0x0000000020000424                AhCharged
 .bss.WhUsed    0x0000000020000428        0x4 ./Core/Src/main.o
                0x0000000020000428                WhUsed
 .bss.WhCharged
                0x000000002000042c        0x4 ./Core/Src/main.o
                0x000000002000042c                WhCharged
 .bss.TempFET   0x0000000020000430        0x2 ./Core/Src/main.o
                0x0000000020000430                TempFET
 .bss.TempMotor
                0x0000000020000432        0x2 ./Core/Src/main.o
                0x0000000020000432                TempMotor
 .bss.CurrentIn
                0x0000000020000434        0x2 ./Core/Src/main.o
                0x0000000020000434                CurrentIn
 .bss.PIDPos    0x0000000020000436        0x2 ./Core/Src/main.o
                0x0000000020000436                PIDPos
 .bss.Tachometer
                0x0000000020000438        0x4 ./Core/Src/main.o
                0x0000000020000438                Tachometer
 .bss.VoltageIn
                0x000000002000043c        0x2 ./Core/Src/main.o
                0x000000002000043c                VoltageIn
 .bss.FristTimeFlag
                0x000000002000043e        0x1 ./Core/Src/main.o
                0x000000002000043e                FristTimeFlag
 .bss.u8_TimeOutFlag1
                0x000000002000043f        0x1 ./Core/Src/main.o
                0x000000002000043f                u8_TimeOutFlag1
 .bss.u8_TimeOutFlag4
                0x0000000020000440        0x1 ./Core/Src/main.o
                0x0000000020000440                u8_TimeOutFlag4
 .bss.Switch1_State
                0x0000000020000441        0x1 ./Core/Src/main.o
                0x0000000020000441                Switch1_State
 .bss.Switch2_State
                0x0000000020000442        0x1 ./Core/Src/main.o
                0x0000000020000442                Switch2_State
 .bss.iterator  0x0000000020000443        0x1 ./Core/Src/main.o
                0x0000000020000443                iterator
 .bss.RighProximity_State
                0x0000000020000444        0x1 ./Core/Src/main.o
                0x0000000020000444                RighProximity_State
 .bss.LeftProximity_State
                0x0000000020000445        0x1 ./Core/Src/main.o
                0x0000000020000445                LeftProximity_State
 .bss.current_display
                0x0000000020000446        0x1 ./Core/Src/main.o
                0x0000000020000446                current_display
 .bss.System_State
                0x0000000020000447        0x1 ./Core/Src/main.o
                0x0000000020000447                System_State
 .bss.size      0x0000000020000448        0x4 ./Core/Src/main.o
                0x0000000020000448                size
 .bss.arr       0x000000002000044c       0x32 ./Core/Src/main.o
                0x000000002000044c                arr
 .bss.IntErrorFlag1.1
                0x000000002000047e        0x1 ./Core/Src/main.o
 .bss.IntErrorFlag4.0
                0x000000002000047f        0x1 ./Core/Src/main.o
 .bss.htim2     0x0000000020000480       0x48 ./Core/Src/stm32f1xx_hal_timebase_tim.o
                0x0000000020000480                htim2
 .bss.htim1     0x00000000200004c8       0x48 ./Core/Src/tim.o
                0x00000000200004c8                htim1
 .bss.htim3     0x0000000020000510       0x48 ./Core/Src/tim.o
                0x0000000020000510                htim3
 .bss.htim4     0x0000000020000558       0x48 ./Core/Src/tim.o
                0x0000000020000558                htim4
 .bss.huart1    0x00000000200005a0       0x48 ./Core/Src/usart.o
                0x00000000200005a0                huart1
 .bss.uwTick    0x00000000200005e8        0x4 ./Drivers/STM32F1xx_HAL_Driver/Src/stm32f1xx_hal.o
                0x00000000200005e8                uwTick
 .bss.pxCurrentTCB
                0x00000000200005ec        0x4 ./Middlewares/Third_Party/FreeRTOS/Source/tasks.o
                0x00000000200005ec                pxCurrentTCB
 .bss.pxReadyTasksLists
                0x00000000200005f0       0x8c ./Middlewares/Third_Party/FreeRTOS/Source/tasks.o
 .bss.xDelayedTaskList1
                0x000000002000067c       0x14 ./Middlewares/Third_Party/FreeRTOS/Source/tasks.o
 .bss.xDelayedTaskList2
                0x0000000020000690       0x14 ./Middlewares/Third_Party/FreeRTOS/Source/tasks.o
 .bss.pxDelayedTaskList
                0x00000000200006a4        0x4 ./Middlewares/Third_Party/FreeRTOS/Source/tasks.o
 .bss.pxOverflowDelayedTaskList
                0x00000000200006a8        0x4 ./Middlewares/Third_Party/FreeRTOS/Source/tasks.o
 .bss.xPendingReadyList
                0x00000000200006ac       0x14 ./Middlewares/Third_Party/FreeRTOS/Source/tasks.o
 .bss.xTasksWaitingTermination
                0x00000000200006c0       0x14 ./Middlewares/Third_Party/FreeRTOS/Source/tasks.o
 .bss.uxDeletedTasksWaitingCleanUp
                0x00000000200006d4        0x4 ./Middlewares/Third_Party/FreeRTOS/Source/tasks.o
 .bss.xSuspendedTaskList
                0x00000000200006d8       0x14 ./Middlewares/Third_Party/FreeRTOS/Source/tasks.o
 .bss.uxCurrentNumberOfTasks
                0x00000000200006ec        0x4 ./Middlewares/Third_Party/FreeRTOS/Source/tasks.o
 .bss.xTickCount
                0x00000000200006f0        0x4 ./Middlewares/Third_Party/FreeRTOS/Source/tasks.o
 .bss.uxTopReadyPriority
                0x00000000200006f4        0x4 ./Middlewares/Third_Party/FreeRTOS/Source/tasks.o
 .bss.xSchedulerRunning
                0x00000000200006f8        0x4 ./Middlewares/Third_Party/FreeRTOS/Source/tasks.o
 .bss.uxPendedTicks
                0x00000000200006fc        0x4 ./Middlewares/Third_Party/FreeRTOS/Source/tasks.o
 .bss.xYieldPending
                0x0000000020000700        0x4 ./Middlewares/Third_Party/FreeRTOS/Source/tasks.o
 .bss.xNumOfOverflows
                0x0000000020000704        0x4 ./Middlewares/Third_Party/FreeRTOS/Source/tasks.o
 .bss.uxTaskNumber
                0x0000000020000708        0x4 ./Middlewares/Third_Party/FreeRTOS/Source/tasks.o
 .bss.xNextTaskUnblockTime
                0x000000002000070c        0x4 ./Middlewares/Third_Party/FreeRTOS/Source/tasks.o
 .bss.xIdleTaskHandle
                0x0000000020000710        0x4 ./Middlewares/Third_Party/FreeRTOS/Source/tasks.o
 .bss.uxSchedulerSuspended
                0x0000000020000714        0x4 ./Middlewares/Third_Party/FreeRTOS/Source/tasks.o
 .bss.ucMaxSysCallPriority
                0x0000000020000718        0x1 ./Middlewares/Third_Party/FreeRTOS/Source/portable/GCC/ARM_CM3/port.o
 *fill*         0x0000000020000719        0x3 
 .bss.ulMaxPRIGROUPValue
                0x000000002000071c        0x4 ./Middlewares/Third_Party/FreeRTOS/Source/portable/GCC/ARM_CM3/port.o
 .bss.ucHeap    0x0000000020000720      0xc00 ./Middlewares/Third_Party/FreeRTOS/Source/portable/MemMang/heap_4.o
 .bss.xStart    0x0000000020001320        0x8 ./Middlewares/Third_Party/FreeRTOS/Source/portable/MemMang/heap_4.o
 .bss.pxEnd     0x0000000020001328        0x4 ./Middlewares/Third_Party/FreeRTOS/Source/portable/MemMang/heap_4.o
 .bss.xFreeBytesRemaining
                0x000000002000132c        0x4 ./Middlewares/Third_Party/FreeRTOS/Source/portable/MemMang/heap_4.o
 .bss.xMinimumEverFreeBytesRemaining
                0x0000000020001330        0x4 ./Middlewares/Third_Party/FreeRTOS/Source/portable/MemMang/heap_4.o
 .bss.xBlockAllocatedBit
                0x0000000020001334        0x4 ./Middlewares/Third_Party/FreeRTOS/Source/portable/MemMang/heap_4.o
 .bss.__sf      0x0000000020001338      0x138 /opt/st/stm32cubeide_1.13.2/plugins/com.st.stm32cube.ide.mcu.externaltools.gnu-tools-for-stm32.11.3.rel1.linux64_1.1.1.202309131626/tools/bin/../lib/gcc/arm-none-eabi/11.3.1/../../../../arm-none-eabi/lib/thumb/v7-m/nofp/libc_nano.a(libc_a-findfp.o)
                0x0000000020001338                __sf
 .bss.__lock___malloc_recursive_mutex
                0x0000000020001470        0x1 /opt/st/stm32cubeide_1.13.2/plugins/com.st.stm32cube.ide.mcu.externaltools.gnu-tools-for-stm32.11.3.rel1.linux64_1.1.1.202309131626/tools/bin/../lib/gcc/arm-none-eabi/11.3.1/../../../../arm-none-eabi/lib/thumb/v7-m/nofp/libc_nano.a(libc_a-lock.o)
                0x0000000020001470                __lock___malloc_recursive_mutex
 *fill*         0x0000000020001471        0x3 
 .bss.__malloc_free_list
                0x0000000020001474        0x4 /opt/st/stm32cubeide_1.13.2/plugins/com.st.stm32cube.ide.mcu.externaltools.gnu-tools-for-stm32.11.3.rel1.linux64_1.1.1.202309131626/tools/bin/../lib/gcc/arm-none-eabi/11.3.1/../../../../arm-none-eabi/lib/thumb/v7-m/nofp/libc_nano.a(libc_a-mallocr.o)
                0x0000000020001474                __malloc_free_list
 *(COMMON)
                0x0000000020001478                . = ALIGN (0x4)
                0x0000000020001478                _ebss = .
                0x0000000020001478                __bss_end__ = _ebss

._user_heap_stack
                0x0000000020001478      0x600 load address 0x0000000008006c8c
                0x0000000020001478                . = ALIGN (0x8)
                [!provide]                        PROVIDE (end = .)
                0x0000000020001478                PROVIDE (_end = .)
                0x0000000020001678                . = (. + _Min_Heap_Size)
 *fill*         0x0000000020001478      0x200 
                0x0000000020001a78                . = (. + _Min_Stack_Size)
 *fill*         0x0000000020001678      0x400 
                0x0000000020001a78                . = ALIGN (0x8)

/DISCARD/
 libc.a(*)
 libm.a(*)
 libgcc.a(*)

.ARM.attributes
                0x0000000000000000       0x29
 *(.ARM.attributes)
 .ARM.attributes
                0x0000000000000000       0x1d /opt/st/stm32cubeide_1.13.2/plugins/com.st.stm32cube.ide.mcu.externaltools.gnu-tools-for-stm32.11.3.rel1.linux64_1.1.1.202309131626/tools/bin/../lib/gcc/arm-none-eabi/11.3.1/thumb/v7-m/nofp/crti.o
 .ARM.attributes
                0x000000000000001d       0x2d /opt/st/stm32cubeide_1.13.2/plugins/com.st.stm32cube.ide.mcu.externaltools.gnu-tools-for-stm32.11.3.rel1.linux64_1.1.1.202309131626/tools/bin/../lib/gcc/arm-none-eabi/11.3.1/thumb/v7-m/nofp/crtbegin.o
 .ARM.attributes
                0x000000000000004a       0x2d ./Core/Src/can.o
 .ARM.attributes
                0x0000000000000077       0x2d ./Core/Src/freertos.o
 .ARM.attributes
                0x00000000000000a4       0x2d ./Core/Src/gpio.o
 .ARM.attributes
                0x00000000000000d1       0x2d ./Core/Src/main.o
 .ARM.attributes
                0x00000000000000fe       0x2d ./Core/Src/stm32f1xx_hal_msp.o
 .ARM.attributes
                0x000000000000012b       0x2d ./Core/Src/stm32f1xx_hal_timebase_tim.o
 .ARM.attributes
                0x0000000000000158       0x2d ./Core/Src/stm32f1xx_it.o
 .ARM.attributes
                0x0000000000000185       0x2d ./Core/Src/system_stm32f1xx.o
 .ARM.attributes
                0x00000000000001b2       0x2d ./Core/Src/tim.o
 .ARM.attributes
                0x00000000000001df       0x2d ./Core/Src/usart.o
 .ARM.attributes
                0x000000000000020c       0x21 ./Core/Startup/startup_stm32f103c8tx.o
 .ARM.attributes
                0x000000000000022d       0x2d ./Drivers/STM32F1xx_HAL_Driver/Src/stm32f1xx_hal.o
 .ARM.attributes
                0x000000000000025a       0x2d ./Drivers/STM32F1xx_HAL_Driver/Src/stm32f1xx_hal_can.o
 .ARM.attributes
                0x0000000000000287       0x2d ./Drivers/STM32F1xx_HAL_Driver/Src/stm32f1xx_hal_cortex.o
 .ARM.attributes
                0x00000000000002b4       0x2d ./Drivers/STM32F1xx_HAL_Driver/Src/stm32f1xx_hal_gpio.o
 .ARM.attributes
                0x00000000000002e1       0x2d ./Drivers/STM32F1xx_HAL_Driver/Src/stm32f1xx_hal_rcc.o
 .ARM.attributes
                0x000000000000030e       0x2d ./Drivers/STM32F1xx_HAL_Driver/Src/stm32f1xx_hal_tim.o
 .ARM.attributes
                0x000000000000033b       0x2d ./Drivers/STM32F1xx_HAL_Driver/Src/stm32f1xx_hal_tim_ex.o
 .ARM.attributes
                0x0000000000000368       0x2d ./Drivers/STM32F1xx_HAL_Driver/Src/stm32f1xx_hal_uart.o
 .ARM.attributes
                0x0000000000000395       0x2d ./Middlewares/Third_Party/FreeRTOS/Source/CMSIS_RTOS/cmsis_os.o
 .ARM.attributes
                0x00000000000003c2       0x2d ./Middlewares/Third_Party/FreeRTOS/Source/list.o
 .ARM.attributes
                0x00000000000003ef       0x2d ./Middlewares/Third_Party/FreeRTOS/Source/tasks.o
 .ARM.attributes
                0x000000000000041c       0x2d ./Middlewares/Third_Party/FreeRTOS/Source/portable/GCC/ARM_CM3/port.o
 .ARM.attributes
                0x0000000000000449       0x2d ./Middlewares/Third_Party/FreeRTOS/Source/portable/MemMang/heap_4.o
 .ARM.attributes
                0x0000000000000476       0x2d /opt/st/stm32cubeide_1.13.2/plugins/com.st.stm32cube.ide.mcu.externaltools.gnu-tools-for-stm32.11.3.rel1.linux64_1.1.1.202309131626/tools/bin/../lib/gcc/arm-none-eabi/11.3.1/../../../../arm-none-eabi/lib/thumb/v7-m/nofp/libc_nano.a(libc_a-findfp.o)
 .ARM.attributes
                0x00000000000004a3       0x2d /opt/st/stm32cubeide_1.13.2/plugins/com.st.stm32cube.ide.mcu.externaltools.gnu-tools-for-stm32.11.3.rel1.linux64_1.1.1.202309131626/tools/bin/../lib/gcc/arm-none-eabi/11.3.1/../../../../arm-none-eabi/lib/thumb/v7-m/nofp/libc_nano.a(libc_a-memset.o)
 .ARM.attributes
                0x00000000000004d0       0x2d /opt/st/stm32cubeide_1.13.2/plugins/com.st.stm32cube.ide.mcu.externaltools.gnu-tools-for-stm32.11.3.rel1.linux64_1.1.1.202309131626/tools/bin/../lib/gcc/arm-none-eabi/11.3.1/../../../../arm-none-eabi/lib/thumb/v7-m/nofp/libc_nano.a(libc_a-reent.o)
 .ARM.attributes
                0x00000000000004fd       0x2d /opt/st/stm32cubeide_1.13.2/plugins/com.st.stm32cube.ide.mcu.externaltools.gnu-tools-for-stm32.11.3.rel1.linux64_1.1.1.202309131626/tools/bin/../lib/gcc/arm-none-eabi/11.3.1/../../../../arm-none-eabi/lib/thumb/v7-m/nofp/libc_nano.a(libc_a-impure.o)
 .ARM.attributes
                0x000000000000052a       0x2d /opt/st/stm32cubeide_1.13.2/plugins/com.st.stm32cube.ide.mcu.externaltools.gnu-tools-for-stm32.11.3.rel1.linux64_1.1.1.202309131626/tools/bin/../lib/gcc/arm-none-eabi/11.3.1/../../../../arm-none-eabi/lib/thumb/v7-m/nofp/libc_nano.a(libc_a-init.o)
 .ARM.attributes
                0x0000000000000557       0x2d /opt/st/stm32cubeide_1.13.2/plugins/com.st.stm32cube.ide.mcu.externaltools.gnu-tools-for-stm32.11.3.rel1.linux64_1.1.1.202309131626/tools/bin/../lib/gcc/arm-none-eabi/11.3.1/../../../../arm-none-eabi/lib/thumb/v7-m/nofp/libc_nano.a(libc_a-lock.o)
 .ARM.attributes
                0x0000000000000584       0x2d /opt/st/stm32cubeide_1.13.2/plugins/com.st.stm32cube.ide.mcu.externaltools.gnu-tools-for-stm32.11.3.rel1.linux64_1.1.1.202309131626/tools/bin/../lib/gcc/arm-none-eabi/11.3.1/../../../../arm-none-eabi/lib/thumb/v7-m/nofp/libc_nano.a(libc_a-freer.o)
 .ARM.attributes
                0x00000000000005b1       0x2d /opt/st/stm32cubeide_1.13.2/plugins/com.st.stm32cube.ide.mcu.externaltools.gnu-tools-for-stm32.11.3.rel1.linux64_1.1.1.202309131626/tools/bin/../lib/gcc/arm-none-eabi/11.3.1/../../../../arm-none-eabi/lib/thumb/v7-m/nofp/libc_nano.a(libc_a-mallocr.o)
 .ARM.attributes
                0x00000000000005de       0x2d /opt/st/stm32cubeide_1.13.2/plugins/com.st.stm32cube.ide.mcu.externaltools.gnu-tools-for-stm32.11.3.rel1.linux64_1.1.1.202309131626/tools/bin/../lib/gcc/arm-none-eabi/11.3.1/../../../../arm-none-eabi/lib/thumb/v7-m/nofp/libc_nano.a(libc_a-mlock.o)
 .ARM.attributes
                0x000000000000060b       0x1d /opt/st/stm32cubeide_1.13.2/plugins/com.st.stm32cube.ide.mcu.externaltools.gnu-tools-for-stm32.11.3.rel1.linux64_1.1.1.202309131626/tools/bin/../lib/gcc/arm-none-eabi/11.3.1/thumb/v7-m/nofp/libgcc.a(_arm_addsubdf3.o)
 .ARM.attributes
                0x0000000000000628       0x1d /opt/st/stm32cubeide_1.13.2/plugins/com.st.stm32cube.ide.mcu.externaltools.gnu-tools-for-stm32.11.3.rel1.linux64_1.1.1.202309131626/tools/bin/../lib/gcc/arm-none-eabi/11.3.1/thumb/v7-m/nofp/libgcc.a(_arm_muldivdf3.o)
 .ARM.attributes
                0x0000000000000645       0x1d /opt/st/stm32cubeide_1.13.2/plugins/com.st.stm32cube.ide.mcu.externaltools.gnu-tools-for-stm32.11.3.rel1.linux64_1.1.1.202309131626/tools/bin/../lib/gcc/arm-none-eabi/11.3.1/thumb/v7-m/nofp/libgcc.a(_arm_fixdfsi.o)
 .ARM.attributes
                0x0000000000000662       0x1d /opt/st/stm32cubeide_1.13.2/plugins/com.st.stm32cube.ide.mcu.externaltools.gnu-tools-for-stm32.11.3.rel1.linux64_1.1.1.202309131626/tools/bin/../lib/gcc/arm-none-eabi/11.3.1/thumb/v7-m/nofp/libgcc.a(_arm_fixunsdfsi.o)
 .ARM.attributes
                0x000000000000067f       0x1d /opt/st/stm32cubeide_1.13.2/plugins/com.st.stm32cube.ide.mcu.externaltools.gnu-tools-for-stm32.11.3.rel1.linux64_1.1.1.202309131626/tools/bin/../lib/gcc/arm-none-eabi/11.3.1/thumb/v7-m/nofp/libgcc.a(_arm_addsubsf3.o)
 .ARM.attributes
                0x000000000000069c       0x1d /opt/st/stm32cubeide_1.13.2/plugins/com.st.stm32cube.ide.mcu.externaltools.gnu-tools-for-stm32.11.3.rel1.linux64_1.1.1.202309131626/tools/bin/../lib/gcc/arm-none-eabi/11.3.1/thumb/v7-m/nofp/libgcc.a(_arm_muldivsf3.o)
 .ARM.attributes
                0x00000000000006b9       0x1d /opt/st/stm32cubeide_1.13.2/plugins/com.st.stm32cube.ide.mcu.externaltools.gnu-tools-for-stm32.11.3.rel1.linux64_1.1.1.202309131626/tools/bin/../lib/gcc/arm-none-eabi/11.3.1/thumb/v7-m/nofp/libgcc.a(_arm_cmpsf2.o)
 .ARM.attributes
                0x00000000000006d6       0x1d /opt/st/stm32cubeide_1.13.2/plugins/com.st.stm32cube.ide.mcu.externaltools.gnu-tools-for-stm32.11.3.rel1.linux64_1.1.1.202309131626/tools/bin/../lib/gcc/arm-none-eabi/11.3.1/thumb/v7-m/nofp/libgcc.a(_arm_fixsfsi.o)
 .ARM.attributes
                0x00000000000006f3       0x1d /opt/st/stm32cubeide_1.13.2/plugins/com.st.stm32cube.ide.mcu.externaltools.gnu-tools-for-stm32.11.3.rel1.linux64_1.1.1.202309131626/tools/bin/../lib/gcc/arm-none-eabi/11.3.1/thumb/v7-m/nofp/crtn.o
OUTPUT(Seavo_ControlSW.elf elf32-littlearm)
LOAD linker stubs
LOAD /opt/st/stm32cubeide_1.13.2/plugins/com.st.stm32cube.ide.mcu.externaltools.gnu-tools-for-stm32.11.3.rel1.linux64_1.1.1.202309131626/tools/bin/../lib/gcc/arm-none-eabi/11.3.1/../../../../arm-none-eabi/lib/thumb/v7-m/nofp/libc.a
LOAD /opt/st/stm32cubeide_1.13.2/plugins/com.st.stm32cube.ide.mcu.externaltools.gnu-tools-for-stm32.11.3.rel1.linux64_1.1.1.202309131626/tools/bin/../lib/gcc/arm-none-eabi/11.3.1/../../../../arm-none-eabi/lib/thumb/v7-m/nofp/libm.a
LOAD /opt/st/stm32cubeide_1.13.2/plugins/com.st.stm32cube.ide.mcu.externaltools.gnu-tools-for-stm32.11.3.rel1.linux64_1.1.1.202309131626/tools/bin/../lib/gcc/arm-none-eabi/11.3.1/thumb/v7-m/nofp/libgcc.a

.comment        0x0000000000000000       0x43
 .comment       0x0000000000000000       0x43 /opt/st/stm32cubeide_1.13.2/plugins/com.st.stm32cube.ide.mcu.externaltools.gnu-tools-for-stm32.11.3.rel1.linux64_1.1.1.202309131626/tools/bin/../lib/gcc/arm-none-eabi/11.3.1/thumb/v7-m/nofp/crtbegin.o
                                         0x44 (size before relaxing)
 .comment       0x0000000000000043       0x44 ./Core/Src/can.o
 .comment       0x0000000000000043       0x44 ./Core/Src/freertos.o
 .comment       0x0000000000000043       0x44 ./Core/Src/gpio.o
 .comment       0x0000000000000043       0x44 ./Core/Src/main.o
 .comment       0x0000000000000043       0x44 ./Core/Src/stm32f1xx_hal_msp.o
 .comment       0x0000000000000043       0x44 ./Core/Src/stm32f1xx_hal_timebase_tim.o
 .comment       0x0000000000000043       0x44 ./Core/Src/stm32f1xx_it.o
 .comment       0x0000000000000043       0x44 ./Core/Src/system_stm32f1xx.o
 .comment       0x0000000000000043       0x44 ./Core/Src/tim.o
 .comment       0x0000000000000043       0x44 ./Core/Src/usart.o
 .comment       0x0000000000000043       0x44 ./Drivers/STM32F1xx_HAL_Driver/Src/stm32f1xx_hal.o
 .comment       0x0000000000000043       0x44 ./Drivers/STM32F1xx_HAL_Driver/Src/stm32f1xx_hal_can.o
 .comment       0x0000000000000043       0x44 ./Drivers/STM32F1xx_HAL_Driver/Src/stm32f1xx_hal_cortex.o
 .comment       0x0000000000000043       0x44 ./Drivers/STM32F1xx_HAL_Driver/Src/stm32f1xx_hal_gpio.o
 .comment       0x0000000000000043       0x44 ./Drivers/STM32F1xx_HAL_Driver/Src/stm32f1xx_hal_rcc.o
 .comment       0x0000000000000043       0x44 ./Drivers/STM32F1xx_HAL_Driver/Src/stm32f1xx_hal_tim.o
 .comment       0x0000000000000043       0x44 ./Drivers/STM32F1xx_HAL_Driver/Src/stm32f1xx_hal_tim_ex.o
 .comment       0x0000000000000043       0x44 ./Drivers/STM32F1xx_HAL_Driver/Src/stm32f1xx_hal_uart.o
 .comment       0x0000000000000043       0x44 ./Middlewares/Third_Party/FreeRTOS/Source/CMSIS_RTOS/cmsis_os.o
 .comment       0x0000000000000043       0x44 ./Middlewares/Third_Party/FreeRTOS/Source/list.o
 .comment       0x0000000000000043       0x44 ./Middlewares/Third_Party/FreeRTOS/Source/tasks.o
 .comment       0x0000000000000043       0x44 ./Middlewares/Third_Party/FreeRTOS/Source/portable/GCC/ARM_CM3/port.o
 .comment       0x0000000000000043       0x44 ./Middlewares/Third_Party/FreeRTOS/Source/portable/MemMang/heap_4.o

.debug_info     0x0000000000000000    0x14a4a
 .debug_info    0x0000000000000000      0x934 ./Core/Src/can.o
 .debug_info    0x0000000000000934      0xb37 ./Core/Src/freertos.o
 .debug_info    0x000000000000146b      0x2d3 ./Core/Src/gpio.o
 .debug_info    0x000000000000173e     0x193f ./Core/Src/main.o
 .debug_info    0x000000000000307d      0x361 ./Core/Src/stm32f1xx_hal_msp.o
 .debug_info    0x00000000000033de      0x9a8 ./Core/Src/stm32f1xx_hal_timebase_tim.o
 .debug_info    0x0000000000003d86      0xa9c ./Core/Src/stm32f1xx_it.o
 .debug_info    0x0000000000004822      0x222 ./Core/Src/system_stm32f1xx.o
 .debug_info    0x0000000000004a44      0xd2a ./Core/Src/tim.o
 .debug_info    0x000000000000576e      0x798 ./Core/Src/usart.o
 .debug_info    0x0000000000005f06       0x23 ./Core/Startup/startup_stm32f103c8tx.o
 .debug_info    0x0000000000005f29      0x704 ./Drivers/STM32F1xx_HAL_Driver/Src/stm32f1xx_hal.o
 .debug_info    0x000000000000662d      0xf27 ./Drivers/STM32F1xx_HAL_Driver/Src/stm32f1xx_hal_can.o
 .debug_info    0x0000000000007554      0xa87 ./Drivers/STM32F1xx_HAL_Driver/Src/stm32f1xx_hal_cortex.o
 .debug_info    0x0000000000007fdb      0x5ab ./Drivers/STM32F1xx_HAL_Driver/Src/stm32f1xx_hal_gpio.o
 .debug_info    0x0000000000008586      0x7d5 ./Drivers/STM32F1xx_HAL_Driver/Src/stm32f1xx_hal_rcc.o
 .debug_info    0x0000000000008d5b     0x293b ./Drivers/STM32F1xx_HAL_Driver/Src/stm32f1xx_hal_tim.o
 .debug_info    0x000000000000b696     0x149b ./Drivers/STM32F1xx_HAL_Driver/Src/stm32f1xx_hal_tim_ex.o
 .debug_info    0x000000000000cb31     0x2fa8 ./Drivers/STM32F1xx_HAL_Driver/Src/stm32f1xx_hal_uart.o
 .debug_info    0x000000000000fad9     0x21be ./Middlewares/Third_Party/FreeRTOS/Source/CMSIS_RTOS/cmsis_os.o
 .debug_info    0x0000000000011c97      0x2aa ./Middlewares/Third_Party/FreeRTOS/Source/list.o
 .debug_info    0x0000000000011f41     0x22b2 ./Middlewares/Third_Party/FreeRTOS/Source/tasks.o
 .debug_info    0x00000000000141f3      0x494 ./Middlewares/Third_Party/FreeRTOS/Source/portable/GCC/ARM_CM3/port.o
 .debug_info    0x0000000000014687      0x3c3 ./Middlewares/Third_Party/FreeRTOS/Source/portable/MemMang/heap_4.o

.debug_abbrev   0x0000000000000000     0x340a
 .debug_abbrev  0x0000000000000000      0x24c ./Core/Src/can.o
 .debug_abbrev  0x000000000000024c      0x1eb ./Core/Src/freertos.o
 .debug_abbrev  0x0000000000000437      0x13f ./Core/Src/gpio.o
 .debug_abbrev  0x0000000000000576      0x364 ./Core/Src/main.o
 .debug_abbrev  0x00000000000008da      0x11c ./Core/Src/stm32f1xx_hal_msp.o
 .debug_abbrev  0x00000000000009f6      0x1f3 ./Core/Src/stm32f1xx_hal_timebase_tim.o
 .debug_abbrev  0x0000000000000be9      0x1d9 ./Core/Src/stm32f1xx_it.o
 .debug_abbrev  0x0000000000000dc2      0x13f ./Core/Src/system_stm32f1xx.o
 .debug_abbrev  0x0000000000000f01      0x245 ./Core/Src/tim.o
 .debug_abbrev  0x0000000000001146      0x1e6 ./Core/Src/usart.o
 .debug_abbrev  0x000000000000132c       0x12 ./Core/Startup/startup_stm32f103c8tx.o
 .debug_abbrev  0x000000000000133e      0x201 ./Drivers/STM32F1xx_HAL_Driver/Src/stm32f1xx_hal.o
 .debug_abbrev  0x000000000000153f      0x22d ./Drivers/STM32F1xx_HAL_Driver/Src/stm32f1xx_hal_can.o
 .debug_abbrev  0x000000000000176c      0x2f8 ./Drivers/STM32F1xx_HAL_Driver/Src/stm32f1xx_hal_cortex.o
 .debug_abbrev  0x0000000000001a64      0x1ca ./Drivers/STM32F1xx_HAL_Driver/Src/stm32f1xx_hal_gpio.o
 .debug_abbrev  0x0000000000001c2e      0x2b3 ./Drivers/STM32F1xx_HAL_Driver/Src/stm32f1xx_hal_rcc.o
 .debug_abbrev  0x0000000000001ee1      0x277 ./Drivers/STM32F1xx_HAL_Driver/Src/stm32f1xx_hal_tim.o
 .debug_abbrev  0x0000000000002158      0x282 ./Drivers/STM32F1xx_HAL_Driver/Src/stm32f1xx_hal_tim_ex.o
 .debug_abbrev  0x00000000000023da      0x2f8 ./Drivers/STM32F1xx_HAL_Driver/Src/stm32f1xx_hal_uart.o
 .debug_abbrev  0x00000000000026d2      0x416 ./Middlewares/Third_Party/FreeRTOS/Source/CMSIS_RTOS/cmsis_os.o
 .debug_abbrev  0x0000000000002ae8       0xf5 ./Middlewares/Third_Party/FreeRTOS/Source/list.o
 .debug_abbrev  0x0000000000002bdd      0x3d0 ./Middlewares/Third_Party/FreeRTOS/Source/tasks.o
 .debug_abbrev  0x0000000000002fad      0x258 ./Middlewares/Third_Party/FreeRTOS/Source/portable/GCC/ARM_CM3/port.o
 .debug_abbrev  0x0000000000003205      0x205 ./Middlewares/Third_Party/FreeRTOS/Source/portable/MemMang/heap_4.o

.debug_aranges  0x0000000000000000     0x1248
 .debug_aranges
                0x0000000000000000       0x30 ./Core/Src/can.o
 .debug_aranges
                0x0000000000000030       0x30 ./Core/Src/freertos.o
 .debug_aranges
                0x0000000000000060       0x20 ./Core/Src/gpio.o
 .debug_aranges
                0x0000000000000080       0x68 ./Core/Src/main.o
 .debug_aranges
                0x00000000000000e8       0x20 ./Core/Src/stm32f1xx_hal_msp.o
 .debug_aranges
                0x0000000000000108       0x30 ./Core/Src/stm32f1xx_hal_timebase_tim.o
 .debug_aranges
                0x0000000000000138       0x80 ./Core/Src/stm32f1xx_it.o
 .debug_aranges
                0x00000000000001b8       0x28 ./Core/Src/system_stm32f1xx.o
 .debug_aranges
                0x00000000000001e0       0x48 ./Core/Src/tim.o
 .debug_aranges
                0x0000000000000228       0x30 ./Core/Src/usart.o
 .debug_aranges
                0x0000000000000258       0x28 ./Core/Startup/startup_stm32f103c8tx.o
 .debug_aranges
                0x0000000000000280       0xe0 ./Drivers/STM32F1xx_HAL_Driver/Src/stm32f1xx_hal.o
 .debug_aranges
                0x0000000000000360      0x138 ./Drivers/STM32F1xx_HAL_Driver/Src/stm32f1xx_hal_can.o
 .debug_aranges
                0x0000000000000498      0x100 ./Drivers/STM32F1xx_HAL_Driver/Src/stm32f1xx_hal_cortex.o
 .debug_aranges
                0x0000000000000598       0x58 ./Drivers/STM32F1xx_HAL_Driver/Src/stm32f1xx_hal_gpio.o
 .debug_aranges
                0x00000000000005f0       0x90 ./Drivers/STM32F1xx_HAL_Driver/Src/stm32f1xx_hal_rcc.o
 .debug_aranges
                0x0000000000000680      0x3d0 ./Drivers/STM32F1xx_HAL_Driver/Src/stm32f1xx_hal_tim.o
 .debug_aranges
                0x0000000000000a50      0x168 ./Drivers/STM32F1xx_HAL_Driver/Src/stm32f1xx_hal_tim_ex.o
 .debug_aranges
                0x0000000000000bb8      0x208 ./Drivers/STM32F1xx_HAL_Driver/Src/stm32f1xx_hal_uart.o
 .debug_aranges
                0x0000000000000dc0      0x1d8 ./Middlewares/Third_Party/FreeRTOS/Source/CMSIS_RTOS/cmsis_os.o
 .debug_aranges
                0x0000000000000f98       0x40 ./Middlewares/Third_Party/FreeRTOS/Source/list.o
 .debug_aranges
                0x0000000000000fd8      0x1a8 ./Middlewares/Third_Party/FreeRTOS/Source/tasks.o
 .debug_aranges
                0x0000000000001180       0x78 ./Middlewares/Third_Party/FreeRTOS/Source/portable/GCC/ARM_CM3/port.o
 .debug_aranges
                0x00000000000011f8       0x50 ./Middlewares/Third_Party/FreeRTOS/Source/portable/MemMang/heap_4.o

.debug_rnglists
                0x0000000000000000      0xe27
 .debug_rnglists
                0x0000000000000000       0x21 ./Core/Src/can.o
 .debug_rnglists
                0x0000000000000021       0x1f ./Core/Src/freertos.o
 .debug_rnglists
                0x0000000000000040       0x14 ./Core/Src/gpio.o
 .debug_rnglists
                0x0000000000000054       0x52 ./Core/Src/main.o
 .debug_rnglists
                0x00000000000000a6       0x13 ./Core/Src/stm32f1xx_hal_msp.o
 .debug_rnglists
                0x00000000000000b9       0x20 ./Core/Src/stm32f1xx_hal_timebase_tim.o
 .debug_rnglists
                0x00000000000000d9       0x5b ./Core/Src/stm32f1xx_it.o
 .debug_rnglists
                0x0000000000000134       0x1a ./Core/Src/system_stm32f1xx.o
 .debug_rnglists
                0x000000000000014e       0x35 ./Core/Src/tim.o
 .debug_rnglists
                0x0000000000000183       0x20 ./Core/Src/usart.o
 .debug_rnglists
                0x00000000000001a3       0x19 ./Core/Startup/startup_stm32f103c8tx.o
 .debug_rnglists
                0x00000000000001bc       0xa3 ./Drivers/STM32F1xx_HAL_Driver/Src/stm32f1xx_hal.o
 .debug_rnglists
                0x000000000000025f       0xee ./Drivers/STM32F1xx_HAL_Driver/Src/stm32f1xx_hal_can.o
 .debug_rnglists
                0x000000000000034d       0xbb ./Drivers/STM32F1xx_HAL_Driver/Src/stm32f1xx_hal_cortex.o
 .debug_rnglists
                0x0000000000000408       0x3f ./Drivers/STM32F1xx_HAL_Driver/Src/stm32f1xx_hal_gpio.o
 .debug_rnglists
                0x0000000000000447       0x6c ./Drivers/STM32F1xx_HAL_Driver/Src/stm32f1xx_hal_rcc.o
 .debug_rnglists
                0x00000000000004b3      0x31a ./Drivers/STM32F1xx_HAL_Driver/Src/stm32f1xx_hal_tim.o
 .debug_rnglists
                0x00000000000007cd      0x125 ./Drivers/STM32F1xx_HAL_Driver/Src/stm32f1xx_hal_tim_ex.o
 .debug_rnglists
                0x00000000000008f2      0x1bc ./Drivers/STM32F1xx_HAL_Driver/Src/stm32f1xx_hal_uart.o
 .debug_rnglists
                0x0000000000000aae      0x16a ./Middlewares/Third_Party/FreeRTOS/Source/CMSIS_RTOS/cmsis_os.o
 .debug_rnglists
                0x0000000000000c18       0x2b ./Middlewares/Third_Party/FreeRTOS/Source/list.o
 .debug_rnglists
                0x0000000000000c43      0x153 ./Middlewares/Third_Party/FreeRTOS/Source/tasks.o
 .debug_rnglists
                0x0000000000000d96       0x56 ./Middlewares/Third_Party/FreeRTOS/Source/portable/GCC/ARM_CM3/port.o
 .debug_rnglists
                0x0000000000000dec       0x3b ./Middlewares/Third_Party/FreeRTOS/Source/portable/MemMang/heap_4.o

.debug_macro    0x0000000000000000    0x199d9
 .debug_macro   0x0000000000000000      0x1c1 ./Core/Src/can.o
 .debug_macro   0x00000000000001c1      0xa9c ./Core/Src/can.o
 .debug_macro   0x0000000000000c5d      0x221 ./Core/Src/can.o
 .debug_macro   0x0000000000000e7e       0x2e ./Core/Src/can.o
 .debug_macro   0x0000000000000eac       0x22 ./Core/Src/can.o
 .debug_macro   0x0000000000000ece       0x22 ./Core/Src/can.o
 .debug_macro   0x0000000000000ef0       0x8e ./Core/Src/can.o
 .debug_macro   0x0000000000000f7e       0x51 ./Core/Src/can.o
 .debug_macro   0x0000000000000fcf      0x103 ./Core/Src/can.o
 .debug_macro   0x00000000000010d2       0x6a ./Core/Src/can.o
 .debug_macro   0x000000000000113c      0x1df ./Core/Src/can.o
 .debug_macro   0x000000000000131b       0x1c ./Core/Src/can.o
 .debug_macro   0x0000000000001337       0x22 ./Core/Src/can.o
 .debug_macro   0x0000000000001359       0xbd ./Core/Src/can.o
 .debug_macro   0x0000000000001416      0xd23 ./Core/Src/can.o
 .debug_macro   0x0000000000002139     0xe09e ./Core/Src/can.o
 .debug_macro   0x00000000000101d7       0x6d ./Core/Src/can.o
 .debug_macro   0x0000000000010244     0x348d ./Core/Src/can.o
 .debug_macro   0x00000000000136d1      0x174 ./Core/Src/can.o
 .debug_macro   0x0000000000013845       0x5c ./Core/Src/can.o
 .debug_macro   0x00000000000138a1      0x5bc ./Core/Src/can.o
 .debug_macro   0x0000000000013e5d      0x289 ./Core/Src/can.o
 .debug_macro   0x00000000000140e6      0x1cb ./Core/Src/can.o
 .debug_macro   0x00000000000142b1      0x114 ./Core/Src/can.o
 .debug_macro   0x00000000000143c5      0x1b2 ./Core/Src/can.o
 .debug_macro   0x0000000000014577       0x27 ./Core/Src/can.o
 .debug_macro   0x000000000001459e      0x136 ./Core/Src/can.o
 .debug_macro   0x00000000000146d4      0x1bc ./Core/Src/can.o
 .debug_macro   0x0000000000014890       0x34 ./Core/Src/can.o
 .debug_macro   0x00000000000148c4       0x3c ./Core/Src/can.o
 .debug_macro   0x0000000000014900      0x408 ./Core/Src/can.o
 .debug_macro   0x0000000000014d08       0x57 ./Core/Src/can.o
 .debug_macro   0x0000000000014d5f       0x87 ./Core/Src/can.o
 .debug_macro   0x0000000000014de6      0x240 ./Core/Src/can.o
 .debug_macro   0x0000000000015026      0x140 ./Core/Src/can.o
 .debug_macro   0x0000000000015166      0x8ed ./Core/Src/can.o
 .debug_macro   0x0000000000015a53      0x28e ./Core/Src/can.o
 .debug_macro   0x0000000000015ce1       0x83 ./Core/Src/can.o
 .debug_macro   0x0000000000015d64      0x307 ./Core/Src/freertos.o
 .debug_macro   0x000000000001606b       0xdc ./Core/Src/freertos.o
 .debug_macro   0x0000000000016147      0x15a ./Core/Src/freertos.o
 .debug_macro   0x00000000000162a1       0xd7 ./Core/Src/freertos.o
 .debug_macro   0x0000000000016378       0x10 ./Core/Src/freertos.o
 .debug_macro   0x0000000000016388       0x1f ./Core/Src/freertos.o
 .debug_macro   0x00000000000163a7       0x61 ./Core/Src/freertos.o
 .debug_macro   0x0000000000016408       0x24 ./Core/Src/freertos.o
 .debug_macro   0x000000000001642c       0x43 ./Core/Src/freertos.o
 .debug_macro   0x000000000001646f       0x34 ./Core/Src/freertos.o
 .debug_macro   0x00000000000164a3       0x16 ./Core/Src/freertos.o
 .debug_macro   0x00000000000164b9       0x43 ./Core/Src/freertos.o
 .debug_macro   0x00000000000164fc       0x34 ./Core/Src/freertos.o
 .debug_macro   0x0000000000016530       0x10 ./Core/Src/freertos.o
 .debug_macro   0x0000000000016540       0x58 ./Core/Src/freertos.o
 .debug_macro   0x0000000000016598       0x8e ./Core/Src/freertos.o
 .debug_macro   0x0000000000016626       0x1c ./Core/Src/freertos.o
 .debug_macro   0x0000000000016642      0x177 ./Core/Src/freertos.o
 .debug_macro   0x00000000000167b9       0x10 ./Core/Src/freertos.o
 .debug_macro   0x00000000000167c9       0x35 ./Core/Src/freertos.o
 .debug_macro   0x00000000000167fe      0x4b1 ./Core/Src/freertos.o
 .debug_macro   0x0000000000016caf       0xb5 ./Core/Src/freertos.o
 .debug_macro   0x0000000000016d64       0x8c ./Core/Src/freertos.o
 .debug_macro   0x0000000000016df0       0x91 ./Core/Src/freertos.o
 .debug_macro   0x0000000000016e81       0x8d ./Core/Src/freertos.o
 .debug_macro   0x0000000000016f0e       0x7e ./Core/Src/freertos.o
 .debug_macro   0x0000000000016f8c       0x19 ./Core/Src/freertos.o
 .debug_macro   0x0000000000016fa5       0xf2 ./Core/Src/freertos.o
 .debug_macro   0x0000000000017097      0x1c1 ./Core/Src/gpio.o
 .debug_macro   0x0000000000017258      0x333 ./Core/Src/main.o
 .debug_macro   0x000000000001758b       0xdc ./Core/Src/main.o
 .debug_macro   0x0000000000017667      0x1b7 ./Core/Src/stm32f1xx_hal_msp.o
 .debug_macro   0x000000000001781e      0x1ad ./Core/Src/stm32f1xx_hal_timebase_tim.o
 .debug_macro   0x00000000000179cb      0x1c1 ./Core/Src/stm32f1xx_it.o